Archive member included to satisfy reference by file (symbol)

c:/st/stm32cubeide_1.11.2/stm32cubeide/plugins/com.st.stm32cube.ide.mcu.externaltools.gnu-tools-for-stm32.10.3-2021.10.win32_1.0.100.202210260954/tools/bin/../lib/gcc/arm-none-eabi/10.3.1/../../../../arm-none-eabi/lib/thumb/v7e-m+fp/hard\librdimon_nano.a(rdimon-syscalls.o)
                              ./Core/Src/main.o (initialise_monitor_handles)
c:/st/stm32cubeide_1.11.2/stm32cubeide/plugins/com.st.stm32cube.ide.mcu.externaltools.gnu-tools-for-stm32.10.3-2021.10.win32_1.0.100.202210260954/tools/bin/../lib/gcc/arm-none-eabi/10.3.1/../../../../arm-none-eabi/lib/thumb/v7e-m+fp/hard\libc_nano.a(lib_a-errno.o)
                              ./Core/Src/sysmem.o (__errno)
c:/st/stm32cubeide_1.11.2/stm32cubeide/plugins/com.st.stm32cube.ide.mcu.externaltools.gnu-tools-for-stm32.10.3-2021.10.win32_1.0.100.202210260954/tools/bin/../lib/gcc/arm-none-eabi/10.3.1/../../../../arm-none-eabi/lib/thumb/v7e-m+fp/hard\libc_nano.a(lib_a-exit.o)
                              c:/st/stm32cubeide_1.11.2/stm32cubeide/plugins/com.st.stm32cube.ide.mcu.externaltools.gnu-tools-for-stm32.10.3-2021.10.win32_1.0.100.202210260954/tools/bin/../lib/gcc/arm-none-eabi/10.3.1/../../../../arm-none-eabi/lib/thumb/v7e-m+fp/hard/crt0.o (exit)
c:/st/stm32cubeide_1.11.2/stm32cubeide/plugins/com.st.stm32cube.ide.mcu.externaltools.gnu-tools-for-stm32.10.3-2021.10.win32_1.0.100.202210260954/tools/bin/../lib/gcc/arm-none-eabi/10.3.1/../../../../arm-none-eabi/lib/thumb/v7e-m+fp/hard\libc_nano.a(lib_a-findfp.o)
                              c:/st/stm32cubeide_1.11.2/stm32cubeide/plugins/com.st.stm32cube.ide.mcu.externaltools.gnu-tools-for-stm32.10.3-2021.10.win32_1.0.100.202210260954/tools/bin/../lib/gcc/arm-none-eabi/10.3.1/../../../../arm-none-eabi/lib/thumb/v7e-m+fp/hard\librdimon_nano.a(rdimon-syscalls.o) (__sinit)
c:/st/stm32cubeide_1.11.2/stm32cubeide/plugins/com.st.stm32cube.ide.mcu.externaltools.gnu-tools-for-stm32.10.3-2021.10.win32_1.0.100.202210260954/tools/bin/../lib/gcc/arm-none-eabi/10.3.1/../../../../arm-none-eabi/lib/thumb/v7e-m+fp/hard\libc_nano.a(lib_a-fwalk.o)
                              c:/st/stm32cubeide_1.11.2/stm32cubeide/plugins/com.st.stm32cube.ide.mcu.externaltools.gnu-tools-for-stm32.10.3-2021.10.win32_1.0.100.202210260954/tools/bin/../lib/gcc/arm-none-eabi/10.3.1/../../../../arm-none-eabi/lib/thumb/v7e-m+fp/hard\libc_nano.a(lib_a-findfp.o) (_fwalk)
c:/st/stm32cubeide_1.11.2/stm32cubeide/plugins/com.st.stm32cube.ide.mcu.externaltools.gnu-tools-for-stm32.10.3-2021.10.win32_1.0.100.202210260954/tools/bin/../lib/gcc/arm-none-eabi/10.3.1/../../../../arm-none-eabi/lib/thumb/v7e-m+fp/hard\libc_nano.a(lib_a-impure.o)
                              c:/st/stm32cubeide_1.11.2/stm32cubeide/plugins/com.st.stm32cube.ide.mcu.externaltools.gnu-tools-for-stm32.10.3-2021.10.win32_1.0.100.202210260954/tools/bin/../lib/gcc/arm-none-eabi/10.3.1/../../../../arm-none-eabi/lib/thumb/v7e-m+fp/hard\libc_nano.a(lib_a-exit.o) (_global_impure_ptr)
c:/st/stm32cubeide_1.11.2/stm32cubeide/plugins/com.st.stm32cube.ide.mcu.externaltools.gnu-tools-for-stm32.10.3-2021.10.win32_1.0.100.202210260954/tools/bin/../lib/gcc/arm-none-eabi/10.3.1/../../../../arm-none-eabi/lib/thumb/v7e-m+fp/hard\libc_nano.a(lib_a-init.o)
                              c:/st/stm32cubeide_1.11.2/stm32cubeide/plugins/com.st.stm32cube.ide.mcu.externaltools.gnu-tools-for-stm32.10.3-2021.10.win32_1.0.100.202210260954/tools/bin/../lib/gcc/arm-none-eabi/10.3.1/../../../../arm-none-eabi/lib/thumb/v7e-m+fp/hard/crt0.o (__libc_init_array)
c:/st/stm32cubeide_1.11.2/stm32cubeide/plugins/com.st.stm32cube.ide.mcu.externaltools.gnu-tools-for-stm32.10.3-2021.10.win32_1.0.100.202210260954/tools/bin/../lib/gcc/arm-none-eabi/10.3.1/../../../../arm-none-eabi/lib/thumb/v7e-m+fp/hard\libc_nano.a(lib_a-lock.o)
                              c:/st/stm32cubeide_1.11.2/stm32cubeide/plugins/com.st.stm32cube.ide.mcu.externaltools.gnu-tools-for-stm32.10.3-2021.10.win32_1.0.100.202210260954/tools/bin/../lib/gcc/arm-none-eabi/10.3.1/../../../../arm-none-eabi/lib/thumb/v7e-m+fp/hard\libc_nano.a(lib_a-findfp.o) (__retarget_lock_init_recursive)
c:/st/stm32cubeide_1.11.2/stm32cubeide/plugins/com.st.stm32cube.ide.mcu.externaltools.gnu-tools-for-stm32.10.3-2021.10.win32_1.0.100.202210260954/tools/bin/../lib/gcc/arm-none-eabi/10.3.1/../../../../arm-none-eabi/lib/thumb/v7e-m+fp/hard\libc_nano.a(lib_a-memcpy-stub.o)
                              ./Middlewares/Third_Party/FreeRTOS/Source/queue.o (memcpy)
c:/st/stm32cubeide_1.11.2/stm32cubeide/plugins/com.st.stm32cube.ide.mcu.externaltools.gnu-tools-for-stm32.10.3-2021.10.win32_1.0.100.202210260954/tools/bin/../lib/gcc/arm-none-eabi/10.3.1/../../../../arm-none-eabi/lib/thumb/v7e-m+fp/hard\libc_nano.a(lib_a-memset.o)
[...]
Memory Configuration

Name             Origin             Length             Attributes
CCMRAM           0x0000000010000000 0x0000000000010000 xrw
RAM              0x0000000020000000 0x0000000000020000 xrw
FLASH            0x0000000008000000 0x0000000000100000 xr
*default*        0x0000000000000000 0xffffffffffffffff

Linker script and memory map

LOAD c:/st/stm32cubeide_1.11.2/stm32cubeide/plugins/com.st.stm32cube.ide.mcu.externaltools.gnu-tools-for-stm32.10.3-2021.10.win32_1.0.100.202210260954/tools/bin/../lib/gcc/arm-none-eabi/10.3.1/thumb/v7e-m+fp/hard/crti.o
LOAD c:/st/stm32cubeide_1.11.2/stm32cubeide/plugins/com.st.stm32cube.ide.mcu.externaltools.gnu-tools-for-stm32.10.3-2021.10.win32_1.0.100.202210260954/tools/bin/../lib/gcc/arm-none-eabi/10.3.1/thumb/v7e-m+fp/hard/crtbegin.o
LOAD c:/st/stm32cubeide_1.11.2/stm32cubeide/plugins/com.st.stm32cube.ide.mcu.externaltools.gnu-tools-for-stm32.10.3-2021.10.win32_1.0.100.202210260954/tools/bin/../lib/gcc/arm-none-eabi/10.3.1/../../../../arm-none-eabi/lib/thumb/v7e-m+fp/hard/crt0.o
LOAD ./Core/Src/Ass-03-LCDTask.o
LOAD ./Core/Src/Ass-03-TouchTask.o
LOAD ./Core/Src/Ass-03-controlTask.o
LOAD ./Core/Src/dcmi.o
LOAD ./Core/Src/dma.o
LOAD ./Core/Src/freertos.o
LOAD ./Core/Src/fsmc.o
LOAD ./Core/Src/gpio.o
LOAD ./Core/Src/i2c.o
LOAD ./Core/Src/main.o
LOAD ./Core/Src/sdio.o
LOAD ./Core/Src/spi.o
LOAD ./Core/Src/stm32f4xx_hal_msp.o
LOAD ./Core/Src/stm32f4xx_hal_timebase_tim.o
LOAD ./Core/Src/stm32f4xx_it.o
LOAD ./Core/Src/sysmem.o
LOAD ./Core/Src/system_stm32f4xx.o
LOAD ./Core/Startup/startup_stm32f407vgtx.o
LOAD ./Drivers/BSP/ili9325.o
LOAD ./Drivers/BSP/openx07v_c_lcd.o
LOAD ./Drivers/BSP/touch_panel.o
LOAD ./Drivers/Fonts/font12.o
LOAD ./Drivers/Fonts/font16.o
LOAD ./Drivers/Fonts/font20.o
LOAD ./Drivers/Fonts/font24.o
LOAD ./Drivers/Fonts/font8.o
LOAD ./Drivers/STM32F4xx_HAL_Driver/Src/stm32f4xx_hal.o
LOAD ./Drivers/STM32F4xx_HAL_Driver/Src/stm32f4xx_hal_cortex.o
LOAD ./Drivers/STM32F4xx_HAL_Driver/Src/stm32f4xx_hal_dcmi.o
LOAD ./Drivers/STM32F4xx_HAL_Driver/Src/stm32f4xx_hal_dcmi_ex.o
LOAD ./Drivers/STM32F4xx_HAL_Driver/Src/stm32f4xx_hal_dma.o
LOAD ./Drivers/STM32F4xx_HAL_Driver/Src/stm32f4xx_hal_dma_ex.o
LOAD ./Drivers/STM32F4xx_HAL_Driver/Src/stm32f4xx_hal_exti.o
LOAD ./Drivers/STM32F4xx_HAL_Driver/Src/stm32f4xx_hal_flash.o
LOAD ./Drivers/STM32F4xx_HAL_Driver/Src/stm32f4xx_hal_flash_ex.o
LOAD ./Drivers/STM32F4xx_HAL_Driver/Src/stm32f4xx_hal_flash_ramfunc.o
LOAD ./Drivers/STM32F4xx_HAL_Driver/Src/stm32f4xx_hal_gpio.o
LOAD ./Drivers/STM32F4xx_HAL_Driver/Src/stm32f4xx_hal_i2c.o
LOAD ./Drivers/STM32F4xx_HAL_Driver/Src/stm32f4xx_hal_i2c_ex.o
LOAD ./Drivers/STM32F4xx_HAL_Driver/Src/stm32f4xx_hal_pwr.o
LOAD ./Drivers/STM32F4xx_HAL_Driver/Src/stm32f4xx_hal_pwr_ex.o
LOAD ./Drivers/STM32F4xx_HAL_Driver/Src/stm32f4xx_hal_rcc.o
LOAD ./Drivers/STM32F4xx_HAL_Driver/Src/stm32f4xx_hal_rcc_ex.o
LOAD ./Drivers/STM32F4xx_HAL_Driver/Src/stm32f4xx_hal_sd.o
LOAD ./Drivers/STM32F4xx_HAL_Driver/Src/stm32f4xx_hal_spi.o
LOAD ./Drivers/STM32F4xx_HAL_Driver/Src/stm32f4xx_hal_sram.o
LOAD ./Drivers/STM32F4xx_HAL_Driver/Src/stm32f4xx_hal_tim.o
LOAD ./Drivers/STM32F4xx_HAL_Driver/Src/stm32f4xx_hal_tim_ex.o
LOAD ./Drivers/STM32F4xx_HAL_Driver/Src/stm32f4xx_ll_fsmc.o
LOAD ./Drivers/STM32F4xx_HAL_Driver/Src/stm32f4xx_ll_sdmmc.o
LOAD ./FATFS/App/fatfs.o
LOAD ./FATFS/Target/bsp_driver_sd.o
LOAD ./FATFS/Target/fatfs_platform.o
LOAD ./FATFS/Target/sd_diskio.o
LOAD ./Middlewares/Third_Party/FatFs/src/diskio.o
LOAD ./Middlewares/Third_Party/FatFs/src/ff.o
LOAD ./Middlewares/Third_Party/FatFs/src/ff_gen_drv.o
LOAD ./Middlewares/Third_Party/FatFs/src/option/ccsbcs.o
LOAD ./Middlewares/Third_Party/FatFs/src/option/syscall.o
LOAD ./Middlewares/Third_Party/FreeRTOS/Source/CMSIS_RTOS/cmsis_os.o
LOAD ./Middlewares/Third_Party/FreeRTOS/Source/croutine.o
LOAD ./Middlewares/Third_Party/FreeRTOS/Source/event_groups.o
LOAD ./Middlewares/Third_Party/FreeRTOS/Source/list.o
LOAD ./Middlewares/Third_Party/FreeRTOS/Source/queue.o
LOAD ./Middlewares/Third_Party/FreeRTOS/Source/stream_buffer.o
LOAD ./Middlewares/Third_Party/FreeRTOS/Source/tasks.o
LOAD ./Middlewares/Third_Party/FreeRTOS/Source/timers.o
LOAD ./Middlewares/Third_Party/FreeRTOS/Source/portable/GCC/ARM_CM4F/port.o
LOAD ./Middlewares/Third_Party/FreeRTOS/Source/portable/MemMang/heap_4.o
LOAD c:/st/stm32cubeide_1.11.2/stm32cubeide/plugins/com.st.stm32cube.ide.mcu.externaltools.gnu-tools-for-stm32.10.3-2021.10.win32_1.0.100.202210260954/tools/bin/../lib/gcc/arm-none-eabi/10.3.1/../../../../arm-none-eabi/lib/thumb/v7e-m+fp/hard\librdimon_nano.a
START GROUP
LOAD c:/st/stm32cubeide_1.11.2/stm32cubeide/plugins/com.st.stm32cube.ide.mcu.externaltools.gnu-tools-for-stm32.10.3-2021.10.win32_1.0.100.202210260954/tools/bin/../lib/gcc/arm-none-eabi/10.3.1/../../../../arm-none-eabi/lib/thumb/v7e-m+fp/hard\libc_nano.a
LOAD c:/st/stm32cubeide_1.11.2/stm32cubeide/plugins/com.st.stm32cube.ide.mcu.externaltools.gnu-tools-for-stm32.10.3-2021.10.win32_1.0.100.202210260954/tools/bin/../lib/gcc/arm-none-eabi/10.3.1/../../../../arm-none-eabi/lib/thumb/v7e-m+fp/hard\libm.a
END GROUP
START GROUP
LOAD c:/st/stm32cubeide_1.11.2/stm32cubeide/plugins/com.st.stm32cube.ide.mcu.externaltools.gnu-tools-for-stm32.10.3-2021.10.win32_1.0.100.202210260954/tools/bin/../lib/gcc/arm-none-eabi/10.3.1/thumb/v7e-m+fp/hard\libgcc.a
LOAD c:/st/stm32cubeide_1.11.2/stm32cubeide/plugins/com.st.stm32cube.ide.mcu.externaltools.gnu-tools-for-stm32.10.3-2021.10.win32_1.0.100.202210260954/tools/bin/../lib/gcc/arm-none-eabi/10.3.1/../../../../arm-none-eabi/lib/thumb/v7e-m+fp/hard\libc_nano.a
END GROUP
START GROUP
LOAD c:/st/stm32cubeide_1.11.2/stm32cubeide/plugins/com.st.stm32cube.ide.mcu.externaltools.gnu-tools-for-stm32.10.3-2021.10.win32_1.0.100.202210260954/tools/bin/../lib/gcc/arm-none-eabi/10.3.1/thumb/v7e-m+fp/hard\libgcc.a
LOAD c:/st/stm32cubeide_1.11.2/stm32cubeide/plugins/com.st.stm32cube.ide.mcu.externaltools.gnu-tools-for-stm32.10.3-2021.10.win32_1.0.100.202210260954/tools/bin/../lib/gcc/arm-none-eabi/10.3.1/../../../../arm-none-eabi/lib/thumb/v7e-m+fp/hard\libc_nano.a
LOAD c:/st/stm32cubeide_1.11.2/stm32cubeide/plugins/com.st.stm32cube.ide.mcu.externaltools.gnu-tools-for-stm32.10.3-2021.10.win32_1.0.100.202210260954/tools/bin/../lib/gcc/arm-none-eabi/10.3.1/../../../../arm-none-eabi/lib/thumb/v7e-m+fp/hard\libnosys.a
END GROUP
START GROUP
LOAD c:/st/stm32cubeide_1.11.2/stm32cubeide/plugins/com.st.stm32cube.ide.mcu.externaltools.gnu-tools-for-stm32.10.3-2021.10.win32_1.0.100.202210260954/tools/bin/../lib/gcc/arm-none-eabi/10.3.1/thumb/v7e-m+fp/hard\libgcc.a
LOAD c:/st/stm32cubeide_1.11.2/stm32cubeide/plugins/com.st.stm32cube.ide.mcu.externaltools.gnu-tools-for-stm32.10.3-2021.10.win32_1.0.100.202210260954/tools/bin/../lib/gcc/arm-none-eabi/10.3.1/../../../../arm-none-eabi/lib/thumb/v7e-m+fp/hard\libc_nano.a
LOAD c:/st/stm32cubeide_1.11.2/stm32cubeide/plugins/com.st.stm32cube.ide.mcu.externaltools.gnu-tools-for-stm32.10.3-2021.10.win32_1.0.100.202210260954/tools/bin/../lib/gcc/arm-none-eabi/10.3.1/../../../../arm-none-eabi/lib/thumb/v7e-m+fp/hard\libnosys.a
END GROUP
LOAD c:/st/stm32cubeide_1.11.2/stm32cubeide/plugins/com.st.stm32cube.ide.mcu.externaltools.gnu-tools-for-stm32.10.3-2021.10.win32_1.0.100.202210260954/tools/bin/../lib/gcc/arm-none-eabi/10.3.1/thumb/v7e-m+fp/hard/crtend.o
LOAD c:/st/stm32cubeide_1.11.2/stm32cubeide/plugins/com.st.stm32cube.ide.mcu.externaltools.gnu-tools-for-stm32.10.3-2021.10.win32_1.0.100.202210260954/tools/bin/../lib/gcc/arm-none-eabi/10.3.1/thumb/v7e-m+fp/hard/crtn.o
                0x0000000020020000                _estack = (ORIGIN (RAM) + LENGTH (RAM))
                0x0000000000000200                _Min_Heap_Size = 0x200
                0x0000000000000400                _Min_Stack_Size = 0x400

.isr_vector     0x0000000008000000      0x188
                0x0000000008000000                . = ALIGN (0x4)
 *(.isr_vector)
 .isr_vector    0x0000000008000000      0x188 ./Core/Startup/startup_stm32f407vgtx.o
                0x0000000008000000                g_pfnVectors
                0x0000000008000188                . = ALIGN (0x4)

.text           0x0000000008000190     0xd2e8
                0x0000000008000190                . = ALIGN (0x4)
 *(.text)
 .text          0x0000000008000190       0x40 c:/st/stm32cubeide_1.11.2/stm32cubeide/plugins/com.st.stm32cube.ide.mcu.externaltools.gnu-tools-for-stm32.10.3-2021.10.win32_1.0.100.202210260954/tools/bin/../lib/gcc/arm-none-eabi/10.3.1/thumb/v7e-m+fp/hard/crtbegin.o
 .text          0x00000000080001d0       0x10 c:/st/stm32cubeide_1.11.2/stm32cubeide/plugins/com.st.stm32cube.ide.mcu.externaltools.gnu-tools-for-stm32.10.3-2021.10.win32_1.0.100.202210260954/tools/bin/../lib/gcc/arm-none-eabi/10.3.1/../../../../arm-none-eabi/lib/thumb/v7e-m+fp/hard\libc_nano.a(lib_a-strlen.o)
                0x00000000080001d0                strlen
 .text          0x00000000080001e0      0x378 c:/st/stm32cubeide_1.11.2/stm32cubeide/plugins/com.st.stm32cube.ide.mcu.externaltools.gnu-tools-for-stm32.10.3-2021.10.win32_1.0.100.202210260954/tools/bin/../lib/gcc/arm-none-eabi/10.3.1/thumb/v7e-m+fp/hard\libgcc.a(_arm_addsubdf3.o)
                0x00000000080001e0                __aeabi_drsub
                0x00000000080001e8                __aeabi_dsub
                0x00000000080001e8                __subdf3
                0x00000000080001ec                __aeabi_dadd
                0x00000000080001ec                __adddf3
                0x0000000008000464                __floatunsidf
                0x0000000008000464                __aeabi_ui2d
                0x0000000008000484                __floatsidf
                0x0000000008000484                __aeabi_i2d
                0x00000000080004a8                __aeabi_f2d
                0x00000000080004a8                __extendsfdf2
                0x00000000080004ec                __floatundidf
                0x00000000080004ec                __aeabi_ul2d
                0x00000000080004fc                __floatdidf
                0x00000000080004fc                __aeabi_l2d
 .text          0x0000000008000558      0x424 c:/st/stm32cubeide_1.11.2/stm32cubeide/plugins/com.st.stm32cube.ide.mcu.externaltools.gnu-tools-for-stm32.10.3-2021.10.win32_1.0.100.202210260954/tools/bin/../lib/gcc/arm-none-eabi/10.3.1/thumb/v7e-m+fp/hard\libgcc.a(_arm_muldivdf3.o)
                0x0000000008000558                __aeabi_dmul
                0x0000000008000558                __muldf3
                0x00000000080007ac                __divdf3
                0x00000000080007ac                __aeabi_ddiv
 .text          0x000000000800097c      0x110 c:/st/stm32cubeide_1.11.2/stm32cubeide/plugins/com.st.stm32cube.ide.mcu.externaltools.gnu-tools-for-stm32.10.3-2021.10.win32_1.0.100.202210260954/tools/bin/../lib/gcc/arm-none-eabi/10.3.1/thumb/v7e-m+fp/hard\libgcc.a(_arm_cmpdf2.o)
                0x000000000800097c                __gtdf2
                0x000000000800097c                __gedf2
                0x0000000008000984                __ltdf2
                0x0000000008000984                __ledf2
                0x000000000800098c                __nedf2
                0x000000000800098c                __eqdf2
                0x000000000800098c                __cmpdf2
                0x0000000008000a08                __aeabi_cdrcmple
                0x0000000008000a18                __aeabi_cdcmpeq
                0x0000000008000a18                __aeabi_cdcmple
                0x0000000008000a28                __aeabi_dcmpeq
                0x0000000008000a3c                __aeabi_dcmplt
                0x0000000008000a50                __aeabi_dcmple
                0x0000000008000a64                __aeabi_dcmpge
                0x0000000008000a78                __aeabi_dcmpgt
 .text          0x0000000008000a8c       0x40 c:/st/stm32cubeide_1.11.2/stm32cubeide/plugins/com.st.stm32cube.ide.mcu.externaltools.gnu-tools-for-stm32.10.3-2021.10.win32_1.0.100.202210260954/tools/bin/../lib/gcc/arm-none-eabi/10.3.1/thumb/v7e-m+fp/hard\libgcc.a(_arm_fixunsdfsi.o)
                0x0000000008000a8c                __aeabi_d2uiz
                0x0000000008000a8c                __fixunsdfsi
 .text          0x0000000008000acc       0x30 c:/st/stm32cubeide_1.11.2/stm32cubeide/plugins/com.st.stm32cube.ide.mcu.externaltools.gnu-tools-for-stm32.10.3-2021.10.win32_1.0.100.202210260954/tools/bin/../lib/gcc/arm-none-eabi/10.3.1/thumb/v7e-m+fp/hard\libgcc.a(_aeabi_uldivmod.o)
                0x0000000008000acc                __aeabi_uldivmod
 .text          0x0000000008000afc      0x2d0 c:/st/stm32cubeide_1.11.2/stm32cubeide/plugins/com.st.stm32cube.ide.mcu.externaltools.gnu-tools-for-stm32.10.3-2021.10.win32_1.0.100.202210260954/tools/bin/../lib/gcc/arm-none-eabi/10.3.1/thumb/v7e-m+fp/hard\libgcc.a(_udivmoddi4.o)
                0x0000000008000afc                __udivmoddi4
 .text          0x0000000008000dcc        0x4 c:/st/stm32cubeide_1.11.2/stm32cubeide/plugins/com.st.stm32cube.ide.mcu.externaltools.gnu-tools-for-stm32.10.3-2021.10.win32_1.0.100.202210260954/tools/bin/../lib/gcc/arm-none-eabi/10.3.1/thumb/v7e-m+fp/hard\libgcc.a(_dvmd_tls.o)
                0x0000000008000dcc                __aeabi_idiv0
                0x0000000008000dcc                __aeabi_ldiv0
 *(.text*)
 .text.StartLCDTask
                0x0000000008000dd0       0x64 ./Core/Src/Ass-03-LCDTask.o
                0x0000000008000dd0                StartLCDTask
 .text.drawWelcomeScreen
                0x0000000008000e34      0x108 ./Core/Src/Ass-03-LCDTask.o
                0x0000000008000e34                drawWelcomeScreen
 .text.StartTouchTask
                0x0000000008000f3c       0x64 ./Core/Src/Ass-03-TouchTask.o
                0x0000000008000f3c                StartTouchTask
 .text.welcomeState_Touch
                0x0000000008000fa0       0x7c ./Core/Src/Ass-03-TouchTask.o
                0x0000000008000fa0                welcomeState_Touch
 .text.registerState_Touch
                0x000000000800101c        0xe ./Core/Src/Ass-03-TouchTask.o
                0x000000000800101c                registerState_Touch
 .text.loginState_Touch
                0x000000000800102a        0xe ./Core/Src/Ass-03-TouchTask.o
                0x000000000800102a                loginState_Touch
 .text.StartControlTask
                0x0000000008001038       0x10 ./Core/Src/Ass-03-controlTask.o
                0x0000000008001038                StartControlTask
 .text.MX_DCMI_Init
                0x0000000008001048       0x50 ./Core/Src/dcmi.o
                0x0000000008001048                MX_DCMI_Init
 .text.HAL_DCMI_MspInit
                0x0000000008001098      0x1e0 ./Core/Src/dcmi.o
                0x0000000008001098                HAL_DCMI_MspInit
 .text.MX_DMA_Init
                0x0000000008001278       0x60 ./Core/Src/dma.o
                0x0000000008001278                MX_DMA_Init
 .text.vApplicationGetIdleTaskMemory
                0x00000000080012d8       0x34 ./Core/Src/freertos.o
                0x00000000080012d8                vApplicationGetIdleTaskMemory
 .text.vApplicationGetTimerTaskMemory
                0x000000000800130c       0x34 ./Core/Src/freertos.o
                0x000000000800130c                vApplicationGetTimerTaskMemory
 .text.MX_FREERTOS_Init
                0x0000000008001340      0x160 ./Core/Src/freertos.o
                0x0000000008001340                MX_FREERTOS_Init
 .text.StartDefaultTask
                0x00000000080014a0       0x10 ./Core/Src/freertos.o
                0x00000000080014a0                StartDefaultTask
 .text.StartCameraTask
                0x00000000080014b0       0x10 ./Core/Src/freertos.o
                0x00000000080014b0                StartCameraTask
 .text.StartSDTask
                0x00000000080014c0       0x10 ./Core/Src/freertos.o
                0x00000000080014c0                StartSDTask
 .text.MX_FSMC_Init
                0x00000000080014d0       0xc0 ./Core/Src/fsmc.o
                0x00000000080014d0                MX_FSMC_Init
 .text.HAL_FSMC_MspInit
                0x0000000008001590       0x98 ./Core/Src/fsmc.o
 .text.HAL_SRAM_MspInit
                0x0000000008001628       0x14 ./Core/Src/fsmc.o
                0x0000000008001628                HAL_SRAM_MspInit
 .text.MX_GPIO_Init
                0x000000000800163c      0x1bc ./Core/Src/gpio.o
                0x000000000800163c                MX_GPIO_Init
 .text.MX_I2C2_Init
                0x00000000080017f8       0x5c ./Core/Src/i2c.o
                0x00000000080017f8                MX_I2C2_Init
 .text.HAL_I2C_MspInit
                0x0000000008001854       0x90 ./Core/Src/i2c.o
                0x0000000008001854                HAL_I2C_MspInit
 .text.main     0x00000000080018e4       0x3a ./Core/Src/main.o
                0x00000000080018e4                main
 *fill*         0x000000000800191e        0x2 
 .text.SystemClock_Config
                0x0000000008001920       0xe8 ./Core/Src/main.o
                0x0000000008001920                SystemClock_Config
 .text.HAL_TIM_PeriodElapsedCallback
                0x0000000008001a08       0x24 ./Core/Src/main.o
                0x0000000008001a08                HAL_TIM_PeriodElapsedCallback
 .text.Error_Handler
                0x0000000008001a2c        0xa ./Core/Src/main.o
                0x0000000008001a2c                Error_Handler
 *fill*         0x0000000008001a36        0x2 
 .text.MX_SDIO_SD_Init
                0x0000000008001a38       0x40 ./Core/Src/sdio.o
                0x0000000008001a38                MX_SDIO_SD_Init
 .text.HAL_SD_MspInit
                0x0000000008001a78      0x1e4 ./Core/Src/sdio.o
                0x0000000008001a78                HAL_SD_MspInit
 .text.MX_SPI2_Init
                0x0000000008001c5c       0x6c ./Core/Src/spi.o
                0x0000000008001c5c                MX_SPI2_Init
 .text.HAL_SPI_MspInit
                0x0000000008001cc8       0xa0 ./Core/Src/spi.o
                0x0000000008001cc8                HAL_SPI_MspInit
 .text.HAL_MspInit
                0x0000000008001d68       0x58 ./Core/Src/stm32f4xx_hal_msp.o
                0x0000000008001d68                HAL_MspInit
 .text.HAL_InitTick
                0x0000000008001dc0       0xf8 ./Core/Src/stm32f4xx_hal_timebase_tim.o
                0x0000000008001dc0                HAL_InitTick
 .text.NMI_Handler
                0x0000000008001eb8        0x6 ./Core/Src/stm32f4xx_it.o
                0x0000000008001eb8                NMI_Handler
 .text.HardFault_Handler
                0x0000000008001ebe        0x6 ./Core/Src/stm32f4xx_it.o
                0x0000000008001ebe                HardFault_Handler
 .text.MemManage_Handler
                0x0000000008001ec4        0x6 ./Core/Src/stm32f4xx_it.o
                0x0000000008001ec4                MemManage_Handler
 .text.BusFault_Handler
                0x0000000008001eca        0x6 ./Core/Src/stm32f4xx_it.o
                0x0000000008001eca                BusFault_Handler
 .text.UsageFault_Handler
                0x0000000008001ed0        0x6 ./Core/Src/stm32f4xx_it.o
                0x0000000008001ed0                UsageFault_Handler
 .text.DebugMon_Handler
                0x0000000008001ed6        0xe ./Core/Src/stm32f4xx_it.o
                0x0000000008001ed6                DebugMon_Handler
 .text.SPI2_IRQHandler
                0x0000000008001ee4       0x14 ./Core/Src/stm32f4xx_it.o
                0x0000000008001ee4                SPI2_IRQHandler
 .text.SDIO_IRQHandler
                0x0000000008001ef8       0x14 ./Core/Src/stm32f4xx_it.o
                0x0000000008001ef8                SDIO_IRQHandler
 .text.TIM6_DAC_IRQHandler
                0x0000000008001f0c       0x14 ./Core/Src/stm32f4xx_it.o
                0x0000000008001f0c                TIM6_DAC_IRQHandler
 .text.DMA2_Stream1_IRQHandler
                0x0000000008001f20       0x14 ./Core/Src/stm32f4xx_it.o
                0x0000000008001f20                DMA2_Stream1_IRQHandler
 .text.DMA2_Stream3_IRQHandler
                0x0000000008001f34       0x14 ./Core/Src/stm32f4xx_it.o
                0x0000000008001f34                DMA2_Stream3_IRQHandler
 .text.DMA2_Stream6_IRQHandler
                0x0000000008001f48       0x14 ./Core/Src/stm32f4xx_it.o
                0x0000000008001f48                DMA2_Stream6_IRQHandler
 .text.DCMI_IRQHandler
                0x0000000008001f5c       0x14 ./Core/Src/stm32f4xx_it.o
                0x0000000008001f5c                DCMI_IRQHandler
 .text._sbrk    0x0000000008001f70       0x6c ./Core/Src/sysmem.o
                0x0000000008001f70                _sbrk
 .text.SystemInit
                0x0000000008001fdc       0x24 ./Core/Src/system_stm32f4xx.o
                0x0000000008001fdc                SystemInit
 .text.Reset_Handler
                0x0000000008002000       0x50 ./Core/Startup/startup_stm32f407vgtx.o
                0x0000000008002000                Reset_Handler
 .text.Default_Handler
                0x0000000008002050        0x2 ./Core/Startup/startup_stm32f407vgtx.o
                0x0000000008002050                RTC_Alarm_IRQHandler
                0x0000000008002050                HASH_RNG_IRQHandler
                0x0000000008002050                EXTI2_IRQHandler
                0x0000000008002050                TIM8_CC_IRQHandler
                0x0000000008002050                TIM1_CC_IRQHandler
                0x0000000008002050                DMA2_Stream5_IRQHandler
                0x0000000008002050                DMA1_Stream5_IRQHandler
                0x0000000008002050                PVD_IRQHandler
                0x0000000008002050                TAMP_STAMP_IRQHandler
                0x0000000008002050                CAN2_RX1_IRQHandler
                0x0000000008002050                EXTI3_IRQHandler
                0x0000000008002050                TIM8_TRG_COM_TIM14_IRQHandler
                0x0000000008002050                TIM1_UP_TIM10_IRQHandler
                0x0000000008002050                TIM8_UP_TIM13_IRQHandler
                0x0000000008002050                I2C3_ER_IRQHandler
                0x0000000008002050                EXTI0_IRQHandler
                0x0000000008002050                I2C2_EV_IRQHandler
                0x0000000008002050                DMA1_Stream2_IRQHandler
                0x0000000008002050                CAN1_RX0_IRQHandler
                0x0000000008002050                FPU_IRQHandler
                0x0000000008002050                OTG_HS_WKUP_IRQHandler
                0x0000000008002050                CAN2_SCE_IRQHandler
                0x0000000008002050                DMA2_Stream2_IRQHandler
                0x0000000008002050                SPI1_IRQHandler
                0x0000000008002050                TIM1_BRK_TIM9_IRQHandler
                0x0000000008002050                CAN2_RX0_IRQHandler
                0x0000000008002050                USART6_IRQHandler
                0x0000000008002050                USART3_IRQHandler
                0x0000000008002050                CAN1_RX1_IRQHandler
                0x0000000008002050                UART5_IRQHandler
                0x0000000008002050                DMA2_Stream0_IRQHandler
                0x0000000008002050                TIM4_IRQHandler
                0x0000000008002050                I2C1_EV_IRQHandler
                0x0000000008002050                DMA1_Stream6_IRQHandler
                0x0000000008002050                DMA1_Stream1_IRQHandler
                0x0000000008002050                UART4_IRQHandler
                0x0000000008002050                TIM3_IRQHandler
                0x0000000008002050                RCC_IRQHandler
                0x0000000008002050                TIM8_BRK_TIM12_IRQHandler
                0x0000000008002050                Default_Handler
                0x0000000008002050                EXTI15_10_IRQHandler
                0x0000000008002050                ADC_IRQHandler
                0x0000000008002050                DMA1_Stream7_IRQHandler
                0x0000000008002050                TIM7_IRQHandler
                0x0000000008002050                CAN2_TX_IRQHandler
                0x0000000008002050                TIM5_IRQHandler
                0x0000000008002050                DMA2_Stream7_IRQHandler
                0x0000000008002050                I2C3_EV_IRQHandler
                0x0000000008002050                EXTI9_5_IRQHandler
                0x0000000008002050                RTC_WKUP_IRQHandler
                0x0000000008002050                ETH_WKUP_IRQHandler
                0x0000000008002050                OTG_HS_EP1_IN_IRQHandler
                0x0000000008002050                DMA1_Stream0_IRQHandler
                0x0000000008002050                CAN1_TX_IRQHandler
                0x0000000008002050                EXTI4_IRQHandler
                0x0000000008002050                FSMC_IRQHandler
                0x0000000008002050                ETH_IRQHandler
                0x0000000008002050                OTG_HS_EP1_OUT_IRQHandler
                0x0000000008002050                WWDG_IRQHandler
                0x0000000008002050                TIM2_IRQHandler
                0x0000000008002050                OTG_FS_WKUP_IRQHandler
                0x0000000008002050                TIM1_TRG_COM_TIM11_IRQHandler
                0x0000000008002050                OTG_HS_IRQHandler
                0x0000000008002050                EXTI1_IRQHandler
                0x0000000008002050                USART2_IRQHandler
                0x0000000008002050                I2C2_ER_IRQHandler
                0x0000000008002050                CAN1_SCE_IRQHandler
                0x0000000008002050                FLASH_IRQHandler
                0x0000000008002050                DMA2_Stream4_IRQHandler
                0x0000000008002050                USART1_IRQHandler
                0x0000000008002050                OTG_FS_IRQHandler
                0x0000000008002050                SPI3_IRQHandler
                0x0000000008002050                DMA1_Stream4_IRQHandler
                0x0000000008002050                I2C1_ER_IRQHandler
                0x0000000008002050                DMA1_Stream3_IRQHandler
 .text.LCD_IO_Init
                0x0000000008002052        0xe ./Drivers/BSP/ili9325.o
                0x0000000008002052                LCD_IO_Init
 .text.LCD_IO_WriteMultipleData
                0x0000000008002060       0x48 ./Drivers/BSP/ili9325.o
                0x0000000008002060                LCD_IO_WriteMultipleData
 .text.LCD_IO_WriteReg
                0x00000000080020a8       0x20 ./Drivers/BSP/ili9325.o
                0x00000000080020a8                LCD_IO_WriteReg
 .text.LCD_IO_ReadData
                0x00000000080020c8       0x18 ./Drivers/BSP/ili9325.o
                0x00000000080020c8                LCD_IO_ReadData
 .text.ili9325_Init
                0x00000000080020e0      0x1f2 ./Drivers/BSP/ili9325.o
                0x00000000080020e0                ili9325_Init
 .text.ili9325_DisplayOn
                0x00000000080022d2       0x62 ./Drivers/BSP/ili9325.o
                0x00000000080022d2                ili9325_DisplayOn
 .text.ili9325_DisplayOff
                0x0000000008002334       0x38 ./Drivers/BSP/ili9325.o
                0x0000000008002334                ili9325_DisplayOff
 .text.ili9325_GetLcdPixelWidth
                0x000000000800236c       0x12 ./Drivers/BSP/ili9325.o
                0x000000000800236c                ili9325_GetLcdPixelWidth
 .text.ili9325_GetLcdPixelHeight
                0x000000000800237e       0x10 ./Drivers/BSP/ili9325.o
                0x000000000800237e                ili9325_GetLcdPixelHeight
 .text.ili9325_ReadID
                0x000000000800238e       0x14 ./Drivers/BSP/ili9325.o
                0x000000000800238e                ili9325_ReadID
 .text.ili9325_SetCursor
                0x00000000080023a2       0x32 ./Drivers/BSP/ili9325.o
                0x00000000080023a2                ili9325_SetCursor
 .text.ili9325_WritePixel
                0x00000000080023d4       0x36 ./Drivers/BSP/ili9325.o
                0x00000000080023d4                ili9325_WritePixel
 .text.ili9325_ReadPixel
                0x000000000800240a       0x34 ./Drivers/BSP/ili9325.o
                0x000000000800240a                ili9325_ReadPixel
 .text.ili9325_WriteReg
                0x000000000800243e       0x2a ./Drivers/BSP/ili9325.o
                0x000000000800243e                ili9325_WriteReg
 .text.ili9325_ReadReg
                0x0000000008002468       0x20 ./Drivers/BSP/ili9325.o
                0x0000000008002468                ili9325_ReadReg
 .text.ili9325_SetDisplayWindow
                0x0000000008002488       0x6a ./Drivers/BSP/ili9325.o
                0x0000000008002488                ili9325_SetDisplayWindow
 *fill*         0x00000000080024f2        0x2 
 .text.ili9325_DrawHLine
                0x00000000080024f4       0x6c ./Drivers/BSP/ili9325.o
                0x00000000080024f4                ili9325_DrawHLine
 .text.ili9325_DrawVLine
                0x0000000008002560       0x80 ./Drivers/BSP/ili9325.o
                0x0000000008002560                ili9325_DrawVLine
 .text.ili9325_DrawBitmap
                0x00000000080025e0       0x9c ./Drivers/BSP/ili9325.o
                0x00000000080025e0                ili9325_DrawBitmap
 .text.ili9325_DrawRGBImage
                0x000000000800267c       0x52 ./Drivers/BSP/ili9325.o
                0x000000000800267c                ili9325_DrawRGBImage
 *fill*         0x00000000080026ce        0x2 
 .text.ili9325_Clear
                0x00000000080026d0       0x40 ./Drivers/BSP/ili9325.o
                0x00000000080026d0                ili9325_Clear
 .text.BSP_LCD_Init
                0x0000000008002710       0x74 ./Drivers/BSP/openx07v_c_lcd.o
                0x0000000008002710                BSP_LCD_Init
 .text.BSP_LCD_GetXSize
                0x0000000008002784       0x18 ./Drivers/BSP/openx07v_c_lcd.o
                0x0000000008002784                BSP_LCD_GetXSize
 .text.BSP_LCD_GetYSize
                0x000000000800279c       0x18 ./Drivers/BSP/openx07v_c_lcd.o
                0x000000000800279c                BSP_LCD_GetYSize
 .text.BSP_LCD_SetTextColor
                0x00000000080027b4       0x20 ./Drivers/BSP/openx07v_c_lcd.o
                0x00000000080027b4                BSP_LCD_SetTextColor
 .text.BSP_LCD_SetFont
                0x00000000080027d4       0x20 ./Drivers/BSP/openx07v_c_lcd.o
                0x00000000080027d4                BSP_LCD_SetFont
 .text.BSP_LCD_GetFont
                0x00000000080027f4       0x18 ./Drivers/BSP/openx07v_c_lcd.o
                0x00000000080027f4                BSP_LCD_GetFont
 .text.BSP_LCD_Clear
                0x000000000800280c       0x68 ./Drivers/BSP/openx07v_c_lcd.o
                0x000000000800280c                BSP_LCD_Clear
 .text.BSP_LCD_DisplayChar
                0x0000000008002874       0x54 ./Drivers/BSP/openx07v_c_lcd.o
                0x0000000008002874                BSP_LCD_DisplayChar
 .text.BSP_LCD_DisplayStringAt
                0x00000000080028c8      0x11c ./Drivers/BSP/openx07v_c_lcd.o
                0x00000000080028c8                BSP_LCD_DisplayStringAt
 .text.BSP_LCD_DisplayStringAtLine
                0x00000000080029e4       0x2e ./Drivers/BSP/openx07v_c_lcd.o
                0x00000000080029e4                BSP_LCD_DisplayStringAtLine
 *fill*         0x0000000008002a12        0x2 
 .text.BSP_LCD_DrawHLine
                0x0000000008002a14       0x74 ./Drivers/BSP/openx07v_c_lcd.o
                0x0000000008002a14                BSP_LCD_DrawHLine
 .text.BSP_LCD_DrawVLine
                0x0000000008002a88       0x74 ./Drivers/BSP/openx07v_c_lcd.o
                0x0000000008002a88                BSP_LCD_DrawVLine
 .text.BSP_LCD_DrawBitmap
                0x0000000008002afc       0x98 ./Drivers/BSP/openx07v_c_lcd.o
                0x0000000008002afc                BSP_LCD_DrawBitmap
 .text.BSP_LCD_FillRect
                0x0000000008002b94       0x54 ./Drivers/BSP/openx07v_c_lcd.o
                0x0000000008002b94                BSP_LCD_FillRect
 .text.BSP_LCD_DisplayOn
                0x0000000008002be8       0x14 ./Drivers/BSP/openx07v_c_lcd.o
                0x0000000008002be8                BSP_LCD_DisplayOn
 .text.LCD_DrawPixel
                0x0000000008002bfc       0x38 ./Drivers/BSP/openx07v_c_lcd.o
 .text.LCD_DrawChar
                0x0000000008002c34      0x1e4 ./Drivers/BSP/openx07v_c_lcd.o
 .text.LCD_SetDisplayWindow
                0x0000000008002e18       0x44 ./Drivers/BSP/openx07v_c_lcd.o
 .text.DelayUS  0x0000000008002e5c       0x28 ./Drivers/BSP/touch_panel.o
                0x0000000008002e5c                DelayUS
 .text.WR_CMD   0x0000000008002e84       0x24 ./Drivers/BSP/touch_panel.o
 .text.RD_AD    0x0000000008002ea8       0x38 ./Drivers/BSP/touch_panel.o
 .text.Read_X   0x0000000008002ee0       0x40 ./Drivers/BSP/touch_panel.o
                0x0000000008002ee0                Read_X
 .text.Read_Y   0x0000000008002f20       0x40 ./Drivers/BSP/touch_panel.o
                0x0000000008002f20                Read_Y
 .text.TP_GetAdXY
                0x0000000008002f60       0x30 ./Drivers/BSP/touch_panel.o
                0x0000000008002f60                TP_GetAdXY
 .text.DrawCross
                0x0000000008002f90       0x58 ./Drivers/BSP/touch_panel.o
                0x0000000008002f90                DrawCross
 .text.Read_Ads7846
                0x0000000008002fe8      0x278 ./Drivers/BSP/touch_panel.o
                0x0000000008002fe8                Read_Ads7846
 .text.setCalibrationMatrix
                0x0000000008003260      0x31a ./Drivers/BSP/touch_panel.o
                0x0000000008003260                setCalibrationMatrix
 .text.getDisplayPoint
                0x000000000800357a      0x146 ./Drivers/BSP/touch_panel.o
                0x000000000800357a                getDisplayPoint
 .text.TouchPanel_Calibrate
                0x00000000080036c0       0xc0 ./Drivers/BSP/touch_panel.o
                0x00000000080036c0                TouchPanel_Calibrate
 .text.HAL_Init
                0x0000000008003780       0x44 ./Drivers/STM32F4xx_HAL_Driver/Src/stm32f4xx_hal.o
                0x0000000008003780                HAL_Init
 .text.HAL_IncTick
                0x00000000080037c4       0x28 ./Drivers/STM32F4xx_HAL_Driver/Src/stm32f4xx_hal.o
                0x00000000080037c4                HAL_IncTick
 .text.HAL_GetTick
                0x00000000080037ec       0x18 ./Drivers/STM32F4xx_HAL_Driver/Src/stm32f4xx_hal.o
                0x00000000080037ec                HAL_GetTick
 .text.HAL_Delay
                0x0000000008003804       0x48 ./Drivers/STM32F4xx_HAL_Driver/Src/stm32f4xx_hal.o
                0x0000000008003804                HAL_Delay
 .text.__NVIC_SetPriorityGrouping
                0x000000000800384c       0x48 ./Drivers/STM32F4xx_HAL_Driver/Src/stm32f4xx_hal_cortex.o
 .text.__NVIC_GetPriorityGrouping
                0x0000000008003894       0x1c ./Drivers/STM32F4xx_HAL_Driver/Src/stm32f4xx_hal_cortex.o
 .text.__NVIC_EnableIRQ
                0x00000000080038b0       0x3c ./Drivers/STM32F4xx_HAL_Driver/Src/stm32f4xx_hal_cortex.o
 .text.__NVIC_SetPriority
                0x00000000080038ec       0x54 ./Drivers/STM32F4xx_HAL_Driver/Src/stm32f4xx_hal_cortex.o
 .text.NVIC_EncodePriority
                0x0000000008003940       0x66 ./Drivers/STM32F4xx_HAL_Driver/Src/stm32f4xx_hal_cortex.o
 .text.HAL_NVIC_SetPriorityGrouping
                0x00000000080039a6       0x16 ./Drivers/STM32F4xx_HAL_Driver/Src/stm32f4xx_hal_cortex.o
                0x00000000080039a6                HAL_NVIC_SetPriorityGrouping
 .text.HAL_NVIC_SetPriority
                0x00000000080039bc       0x38 ./Drivers/STM32F4xx_HAL_Driver/Src/stm32f4xx_hal_cortex.o
                0x00000000080039bc                HAL_NVIC_SetPriority
 .text.HAL_NVIC_EnableIRQ
                0x00000000080039f4       0x1c ./Drivers/STM32F4xx_HAL_Driver/Src/stm32f4xx_hal_cortex.o
                0x00000000080039f4                HAL_NVIC_EnableIRQ
 .text.HAL_DCMI_IRQHandler
                0x0000000008003a10       0xfc ./Drivers/STM32F4xx_HAL_Driver/Src/stm32f4xx_hal_dcmi.o
                0x0000000008003a10                HAL_DCMI_IRQHandler
 .text.HAL_DCMI_ErrorCallback
                0x0000000008003b0c       0x14 ./Drivers/STM32F4xx_HAL_Driver/Src/stm32f4xx_hal_dcmi.o
                0x0000000008003b0c                HAL_DCMI_ErrorCallback
 .text.HAL_DCMI_LineEventCallback
                0x0000000008003b20       0x14 ./Drivers/STM32F4xx_HAL_Driver/Src/stm32f4xx_hal_dcmi.o
                0x0000000008003b20                HAL_DCMI_LineEventCallback
 .text.HAL_DCMI_VsyncEventCallback
                0x0000000008003b34       0x14 ./Drivers/STM32F4xx_HAL_Driver/Src/stm32f4xx_hal_dcmi.o
                0x0000000008003b34                HAL_DCMI_VsyncEventCallback
 .text.HAL_DCMI_FrameEventCallback
                0x0000000008003b48       0x14 ./Drivers/STM32F4xx_HAL_Driver/Src/stm32f4xx_hal_dcmi.o
                0x0000000008003b48                HAL_DCMI_FrameEventCallback
 .text.DCMI_DMAError
                0x0000000008003b5c       0x2e ./Drivers/STM32F4xx_HAL_Driver/Src/stm32f4xx_hal_dcmi.o
 .text.HAL_DCMI_Init
                0x0000000008003b8a       0xda ./Drivers/STM32F4xx_HAL_Driver/Src/stm32f4xx_hal_dcmi_ex.o
                0x0000000008003b8a                HAL_DCMI_Init
 .text.HAL_DMA_Init
                0x0000000008003c64      0x15c ./Drivers/STM32F4xx_HAL_Driver/Src/stm32f4xx_hal_dma.o
                0x0000000008003c64                HAL_DMA_Init
 .text.HAL_DMA_Start_IT
                0x0000000008003dc0       0xb0 ./Drivers/STM32F4xx_HAL_Driver/Src/stm32f4xx_hal_dma.o
                0x0000000008003dc0                HAL_DMA_Start_IT
 .text.HAL_DMA_Abort_IT
                0x0000000008003e70       0x44 ./Drivers/STM32F4xx_HAL_Driver/Src/stm32f4xx_hal_dma.o
                0x0000000008003e70                HAL_DMA_Abort_IT
 .text.HAL_DMA_IRQHandler
                0x0000000008003eb4      0x314 ./Drivers/STM32F4xx_HAL_Driver/Src/stm32f4xx_hal_dma.o
                0x0000000008003eb4                HAL_DMA_IRQHandler
 .text.HAL_DMA_GetError
                0x00000000080041c8       0x18 ./Drivers/STM32F4xx_HAL_Driver/Src/stm32f4xx_hal_dma.o
                0x00000000080041c8                HAL_DMA_GetError
 .text.DMA_SetConfig
                0x00000000080041e0       0x5c ./Drivers/STM32F4xx_HAL_Driver/Src/stm32f4xx_hal_dma.o
 .text.DMA_CalcBaseAndBitshift
                0x000000000800423c       0x6c ./Drivers/STM32F4xx_HAL_Driver/Src/stm32f4xx_hal_dma.o
 .text.DMA_CheckFifoParam
                0x00000000080042a8       0xf8 ./Drivers/STM32F4xx_HAL_Driver/Src/stm32f4xx_hal_dma.o
 .text.HAL_GPIO_Init
                0x00000000080043a0      0x338 ./Drivers/STM32F4xx_HAL_Driver/Src/stm32f4xx_hal_gpio.o
                0x00000000080043a0                HAL_GPIO_Init
 .text.HAL_GPIO_ReadPin
                0x00000000080046d8       0x30 ./Drivers/STM32F4xx_HAL_Driver/Src/stm32f4xx_hal_gpio.o
                0x00000000080046d8                HAL_GPIO_ReadPin
 .text.HAL_GPIO_WritePin
                0x0000000008004708       0x32 ./Drivers/STM32F4xx_HAL_Driver/Src/stm32f4xx_hal_gpio.o
                0x0000000008004708                HAL_GPIO_WritePin
 *fill*         0x000000000800473a        0x2 
 .text.HAL_I2C_Init
                0x000000000800473c      0x288 ./Drivers/STM32F4xx_HAL_Driver/Src/stm32f4xx_hal_i2c.o
                0x000000000800473c                HAL_I2C_Init
 .text.HAL_RCC_OscConfig
                0x00000000080049c4      0x4f0 ./Drivers/STM32F4xx_HAL_Driver/Src/stm32f4xx_hal_rcc.o
                0x00000000080049c4                HAL_RCC_OscConfig
 .text.HAL_RCC_ClockConfig
                0x0000000008004eb4      0x1cc ./Drivers/STM32F4xx_HAL_Driver/Src/stm32f4xx_hal_rcc.o
                0x0000000008004eb4                HAL_RCC_ClockConfig
 .text.HAL_RCC_MCOConfig
                0x0000000008005080       0xd0 ./Drivers/STM32F4xx_HAL_Driver/Src/stm32f4xx_hal_rcc.o
                0x0000000008005080                HAL_RCC_MCOConfig
 .text.HAL_RCC_GetSysClockFreq
                0x0000000008005150      0x20c ./Drivers/STM32F4xx_HAL_Driver/Src/stm32f4xx_hal_rcc.o
                0x0000000008005150                HAL_RCC_GetSysClockFreq
 .text.HAL_RCC_GetHCLKFreq
                0x000000000800535c       0x18 ./Drivers/STM32F4xx_HAL_Driver/Src/stm32f4xx_hal_rcc.o
                0x000000000800535c                HAL_RCC_GetHCLKFreq
 .text.HAL_RCC_GetPCLK1Freq
                0x0000000008005374       0x28 ./Drivers/STM32F4xx_HAL_Driver/Src/stm32f4xx_hal_rcc.o
                0x0000000008005374                HAL_RCC_GetPCLK1Freq
 .text.HAL_RCC_GetClockConfig
                0x000000000800539c       0x64 ./Drivers/STM32F4xx_HAL_Driver/Src/stm32f4xx_hal_rcc.o
                0x000000000800539c                HAL_RCC_GetClockConfig
 .text.HAL_SD_Init
                0x0000000008005400       0x60 ./Drivers/STM32F4xx_HAL_Driver/Src/stm32f4xx_hal_sd.o
                0x0000000008005400                HAL_SD_Init
 .text.HAL_SD_InitCard
                0x0000000008005460      0x100 ./Drivers/STM32F4xx_HAL_Driver/Src/stm32f4xx_hal_sd.o
                0x0000000008005460                HAL_SD_InitCard
 .text.HAL_SD_ReadBlocks_DMA
                0x0000000008005560      0x1c4 ./Drivers/STM32F4xx_HAL_Driver/Src/stm32f4xx_hal_sd.o
                0x0000000008005560                HAL_SD_ReadBlocks_DMA
 .text.HAL_SD_WriteBlocks_DMA
                0x0000000008005724      0x1cc ./Drivers/STM32F4xx_HAL_Driver/Src/stm32f4xx_hal_sd.o
                0x0000000008005724                HAL_SD_WriteBlocks_DMA
 .text.HAL_SD_IRQHandler
                0x00000000080058f0      0x30c ./Drivers/STM32F4xx_HAL_Driver/Src/stm32f4xx_hal_sd.o
                0x00000000080058f0                HAL_SD_IRQHandler
 .text.HAL_SD_ErrorCallback
                0x0000000008005bfc       0x14 ./Drivers/STM32F4xx_HAL_Driver/Src/stm32f4xx_hal_sd.o
                0x0000000008005bfc                HAL_SD_ErrorCallback
 .text.HAL_SD_GetCardCSD
                0x0000000008005c10      0x348 ./Drivers/STM32F4xx_HAL_Driver/Src/stm32f4xx_hal_sd.o
                0x0000000008005c10                HAL_SD_GetCardCSD
 .text.HAL_SD_GetCardInfo
                0x0000000008005f58       0x58 ./Drivers/STM32F4xx_HAL_Driver/Src/stm32f4xx_hal_sd.o
                0x0000000008005f58                HAL_SD_GetCardInfo
 .text.HAL_SD_GetCardState
                0x0000000008005fb0       0x40 ./Drivers/STM32F4xx_HAL_Driver/Src/stm32f4xx_hal_sd.o
                0x0000000008005fb0                HAL_SD_GetCardState
 .text.SD_DMATransmitCplt
                0x0000000008005ff0       0x2a ./Drivers/STM32F4xx_HAL_Driver/Src/stm32f4xx_hal_sd.o
 .text.SD_DMAReceiveCplt
                0x000000000800601a       0x70 ./Drivers/STM32F4xx_HAL_Driver/Src/stm32f4xx_hal_sd.o
 *fill*         0x000000000800608a        0x2 
 .text.SD_DMAError
                0x000000000800608c       0xa4 ./Drivers/STM32F4xx_HAL_Driver/Src/stm32f4xx_hal_sd.o
 .text.SD_DMATxAbort
                0x0000000008006130       0x6e ./Drivers/STM32F4xx_HAL_Driver/Src/stm32f4xx_hal_sd.o
 .text.SD_DMARxAbort
                0x000000000800619e       0x6e ./Drivers/STM32F4xx_HAL_Driver/Src/stm32f4xx_hal_sd.o
 .text.SD_InitCard
                0x000000000800620c      0x19c ./Drivers/STM32F4xx_HAL_Driver/Src/stm32f4xx_hal_sd.o
 .text.SD_PowerON
                0x00000000080063a8      0x11c ./Drivers/STM32F4xx_HAL_Driver/Src/stm32f4xx_hal_sd.o
 .text.SD_SendStatus
                0x00000000080064c4       0x50 ./Drivers/STM32F4xx_HAL_Driver/Src/stm32f4xx_hal_sd.o
 .text.SD_Read_IT
                0x0000000008006514       0xa2 ./Drivers/STM32F4xx_HAL_Driver/Src/stm32f4xx_hal_sd.o
 .text.SD_Write_IT
                0x00000000080065b6       0xaa ./Drivers/STM32F4xx_HAL_Driver/Src/stm32f4xx_hal_sd.o
 .text.HAL_SPI_Init
                0x0000000008006660      0x112 ./Drivers/STM32F4xx_HAL_Driver/Src/stm32f4xx_hal_spi.o
                0x0000000008006660                HAL_SPI_Init
 .text.HAL_SPI_Transmit
                0x0000000008006772      0x278 ./Drivers/STM32F4xx_HAL_Driver/Src/stm32f4xx_hal_spi.o
                0x0000000008006772                HAL_SPI_Transmit
 .text.HAL_SPI_Receive
                0x00000000080069ea      0x222 ./Drivers/STM32F4xx_HAL_Driver/Src/stm32f4xx_hal_spi.o
                0x00000000080069ea                HAL_SPI_Receive
 .text.HAL_SPI_TransmitReceive
                0x0000000008006c0c      0x344 ./Drivers/STM32F4xx_HAL_Driver/Src/stm32f4xx_hal_spi.o
                0x0000000008006c0c                HAL_SPI_TransmitReceive
 .text.HAL_SPI_IRQHandler
                0x0000000008006f50      0x200 ./Drivers/STM32F4xx_HAL_Driver/Src/stm32f4xx_hal_spi.o
                0x0000000008006f50                HAL_SPI_IRQHandler
 .text.HAL_SPI_ErrorCallback
                0x0000000008007150       0x14 ./Drivers/STM32F4xx_HAL_Driver/Src/stm32f4xx_hal_spi.o
                0x0000000008007150                HAL_SPI_ErrorCallback
 .text.SPI_DMAAbortOnError
                0x0000000008007164       0x28 ./Drivers/STM32F4xx_HAL_Driver/Src/stm32f4xx_hal_spi.o
 .text.SPI_WaitFlagStateUntilTimeout
                0x000000000800718c      0x110 ./Drivers/STM32F4xx_HAL_Driver/Src/stm32f4xx_hal_spi.o
 .text.SPI_EndRxTransaction
                0x000000000800729c       0xca ./Drivers/STM32F4xx_HAL_Driver/Src/stm32f4xx_hal_spi.o
 *fill*         0x0000000008007366        0x2 
 .text.SPI_EndRxTxTransaction
                0x0000000008007368       0x84 ./Drivers/STM32F4xx_HAL_Driver/Src/stm32f4xx_hal_spi.o
 .text.HAL_SRAM_Init
                0x00000000080073ec       0x90 ./Drivers/STM32F4xx_HAL_Driver/Src/stm32f4xx_hal_sram.o
                0x00000000080073ec                HAL_SRAM_Init
 .text.HAL_TIM_Base_Init
                0x000000000800747c       0x9e ./Drivers/STM32F4xx_HAL_Driver/Src/stm32f4xx_hal_tim.o
                0x000000000800747c                HAL_TIM_Base_Init
 .text.HAL_TIM_Base_MspInit
                0x000000000800751a       0x14 ./Drivers/STM32F4xx_HAL_Driver/Src/stm32f4xx_hal_tim.o
                0x000000000800751a                HAL_TIM_Base_MspInit
 *fill*         0x000000000800752e        0x2 
 .text.HAL_TIM_Base_Start_IT
                0x0000000008007530       0xe0 ./Drivers/STM32F4xx_HAL_Driver/Src/stm32f4xx_hal_tim.o
                0x0000000008007530                HAL_TIM_Base_Start_IT
 .text.HAL_TIM_IRQHandler
                0x0000000008007610      0x210 ./Drivers/STM32F4xx_HAL_Driver/Src/stm32f4xx_hal_tim.o
                0x0000000008007610                HAL_TIM_IRQHandler
 .text.HAL_TIM_OC_DelayElapsedCallback
                0x0000000008007820       0x14 ./Drivers/STM32F4xx_HAL_Driver/Src/stm32f4xx_hal_tim.o
                0x0000000008007820                HAL_TIM_OC_DelayElapsedCallback
 .text.HAL_TIM_IC_CaptureCallback
                0x0000000008007834       0x14 ./Drivers/STM32F4xx_HAL_Driver/Src/stm32f4xx_hal_tim.o
                0x0000000008007834                HAL_TIM_IC_CaptureCallback
 .text.HAL_TIM_PWM_PulseFinishedCallback
                0x0000000008007848       0x14 ./Drivers/STM32F4xx_HAL_Driver/Src/stm32f4xx_hal_tim.o
                0x0000000008007848                HAL_TIM_PWM_PulseFinishedCallback
 .text.HAL_TIM_TriggerCallback
                0x000000000800785c       0x14 ./Drivers/STM32F4xx_HAL_Driver/Src/stm32f4xx_hal_tim.o
                0x000000000800785c                HAL_TIM_TriggerCallback
 .text.TIM_Base_SetConfig
                0x0000000008007870      0x140 ./Drivers/STM32F4xx_HAL_Driver/Src/stm32f4xx_hal_tim.o
                0x0000000008007870                TIM_Base_SetConfig
 .text.HAL_TIMEx_CommutCallback
                0x00000000080079b0       0x14 ./Drivers/STM32F4xx_HAL_Driver/Src/stm32f4xx_hal_tim_ex.o
                0x00000000080079b0                HAL_TIMEx_CommutCallback
 .text.HAL_TIMEx_BreakCallback
                0x00000000080079c4       0x14 ./Drivers/STM32F4xx_HAL_Driver/Src/stm32f4xx_hal_tim_ex.o
                0x00000000080079c4                HAL_TIMEx_BreakCallback
 .text.FSMC_NORSRAM_Init
                0x00000000080079d8       0xd4 ./Drivers/STM32F4xx_HAL_Driver/Src/stm32f4xx_ll_fsmc.o
                0x00000000080079d8                FSMC_NORSRAM_Init
 .text.FSMC_NORSRAM_Timing_Init
                0x0000000008007aac       0x6a ./Drivers/STM32F4xx_HAL_Driver/Src/stm32f4xx_ll_fsmc.o
                0x0000000008007aac                FSMC_NORSRAM_Timing_Init
 *fill*         0x0000000008007b16        0x2 
 .text.FSMC_NORSRAM_Extended_Timing_Init
                0x0000000008007b18       0x70 ./Drivers/STM32F4xx_HAL_Driver/Src/stm32f4xx_ll_fsmc.o
                0x0000000008007b18                FSMC_NORSRAM_Extended_Timing_Init
 .text.SDIO_Init
                0x0000000008007b88       0x56 ./Drivers/STM32F4xx_HAL_Driver/Src/stm32f4xx_ll_sdmmc.o
                0x0000000008007b88                SDIO_Init
 .text.SDIO_ReadFIFO
                0x0000000008007bde       0x1a ./Drivers/STM32F4xx_HAL_Driver/Src/stm32f4xx_ll_sdmmc.o
                0x0000000008007bde                SDIO_ReadFIFO
 .text.SDIO_WriteFIFO
                0x0000000008007bf8       0x22 ./Drivers/STM32F4xx_HAL_Driver/Src/stm32f4xx_ll_sdmmc.o
                0x0000000008007bf8                SDIO_WriteFIFO
 .text.SDIO_PowerState_ON
                0x0000000008007c1a       0x1c ./Drivers/STM32F4xx_HAL_Driver/Src/stm32f4xx_ll_sdmmc.o
                0x0000000008007c1a                SDIO_PowerState_ON
 .text.SDIO_GetPowerState
                0x0000000008007c36       0x1c ./Drivers/STM32F4xx_HAL_Driver/Src/stm32f4xx_ll_sdmmc.o
                0x0000000008007c36                SDIO_GetPowerState
 .text.SDIO_SendCommand
                0x0000000008007c52       0x54 ./Drivers/STM32F4xx_HAL_Driver/Src/stm32f4xx_ll_sdmmc.o
                0x0000000008007c52                SDIO_SendCommand
 .text.SDIO_GetCommandResponse
                0x0000000008007ca6       0x1a ./Drivers/STM32F4xx_HAL_Driver/Src/stm32f4xx_ll_sdmmc.o
                0x0000000008007ca6                SDIO_GetCommandResponse
 .text.SDIO_GetResponse
                0x0000000008007cc0       0x26 ./Drivers/STM32F4xx_HAL_Driver/Src/stm32f4xx_ll_sdmmc.o
                0x0000000008007cc0                SDIO_GetResponse
 .text.SDIO_ConfigData
                0x0000000008007ce6       0x58 ./Drivers/STM32F4xx_HAL_Driver/Src/stm32f4xx_ll_sdmmc.o
                0x0000000008007ce6                SDIO_ConfigData
 .text.SDMMC_CmdBlockLength
                0x0000000008007d3e       0x44 ./Drivers/STM32F4xx_HAL_Driver/Src/stm32f4xx_ll_sdmmc.o
                0x0000000008007d3e                SDMMC_CmdBlockLength
 .text.SDMMC_CmdReadSingleBlock
                0x0000000008007d82       0x44 ./Drivers/STM32F4xx_HAL_Driver/Src/stm32f4xx_ll_sdmmc.o
                0x0000000008007d82                SDMMC_CmdReadSingleBlock
 .text.SDMMC_CmdReadMultiBlock
                0x0000000008007dc6       0x44 ./Drivers/STM32F4xx_HAL_Driver/Src/stm32f4xx_ll_sdmmc.o
                0x0000000008007dc6                SDMMC_CmdReadMultiBlock
 .text.SDMMC_CmdWriteSingleBlock
                0x0000000008007e0a       0x44 ./Drivers/STM32F4xx_HAL_Driver/Src/stm32f4xx_ll_sdmmc.o
                0x0000000008007e0a                SDMMC_CmdWriteSingleBlock
 .text.SDMMC_CmdWriteMultiBlock
                0x0000000008007e4e       0x44 ./Drivers/STM32F4xx_HAL_Driver/Src/stm32f4xx_ll_sdmmc.o
                0x0000000008007e4e                SDMMC_CmdWriteMultiBlock
 *fill*         0x0000000008007e92        0x2 
 .text.SDMMC_CmdStopTransfer
                0x0000000008007e94       0x44 ./Drivers/STM32F4xx_HAL_Driver/Src/stm32f4xx_ll_sdmmc.o
                0x0000000008007e94                SDMMC_CmdStopTransfer
 .text.SDMMC_CmdSelDesel
                0x0000000008007ed8       0x46 ./Drivers/STM32F4xx_HAL_Driver/Src/stm32f4xx_ll_sdmmc.o
                0x0000000008007ed8                SDMMC_CmdSelDesel
 .text.SDMMC_CmdGoIdleState
                0x0000000008007f1e       0x3c ./Drivers/STM32F4xx_HAL_Driver/Src/stm32f4xx_ll_sdmmc.o
                0x0000000008007f1e                SDMMC_CmdGoIdleState
 .text.SDMMC_CmdOperCond
                0x0000000008007f5a       0x3e ./Drivers/STM32F4xx_HAL_Driver/Src/stm32f4xx_ll_sdmmc.o
                0x0000000008007f5a                SDMMC_CmdOperCond
 .text.SDMMC_CmdAppCommand
                0x0000000008007f98       0x44 ./Drivers/STM32F4xx_HAL_Driver/Src/stm32f4xx_ll_sdmmc.o
                0x0000000008007f98                SDMMC_CmdAppCommand
 .text.SDMMC_CmdAppOperCommand
                0x0000000008007fdc       0x46 ./Drivers/STM32F4xx_HAL_Driver/Src/stm32f4xx_ll_sdmmc.o
                0x0000000008007fdc                SDMMC_CmdAppOperCommand
 .text.SDMMC_CmdSendCID
                0x0000000008008022       0x3c ./Drivers/STM32F4xx_HAL_Driver/Src/stm32f4xx_ll_sdmmc.o
                0x0000000008008022                SDMMC_CmdSendCID
 .text.SDMMC_CmdSendCSD
                0x000000000800805e       0x3e ./Drivers/STM32F4xx_HAL_Driver/Src/stm32f4xx_ll_sdmmc.o
                0x000000000800805e                SDMMC_CmdSendCSD
 .text.SDMMC_CmdSetRelAdd
                0x000000000800809c       0x42 ./Drivers/STM32F4xx_HAL_Driver/Src/stm32f4xx_ll_sdmmc.o
                0x000000000800809c                SDMMC_CmdSetRelAdd
 .text.SDMMC_CmdSendStatus
                0x00000000080080de       0x44 ./Drivers/STM32F4xx_HAL_Driver/Src/stm32f4xx_ll_sdmmc.o
                0x00000000080080de                SDMMC_CmdSendStatus
 *fill*         0x0000000008008122        0x2 
 .text.SDMMC_GetCmdResp1
                0x0000000008008124      0x1dc ./Drivers/STM32F4xx_HAL_Driver/Src/stm32f4xx_ll_sdmmc.o
                0x0000000008008124                SDMMC_GetCmdResp1
 .text.SDMMC_GetCmdResp2
                0x0000000008008300       0x90 ./Drivers/STM32F4xx_HAL_Driver/Src/stm32f4xx_ll_sdmmc.o
                0x0000000008008300                SDMMC_GetCmdResp2
 .text.SDMMC_GetCmdResp3
                0x0000000008008390       0x7c ./Drivers/STM32F4xx_HAL_Driver/Src/stm32f4xx_ll_sdmmc.o
                0x0000000008008390                SDMMC_GetCmdResp3
 .text.SDMMC_GetCmdResp6
                0x000000000800840c       0xec ./Drivers/STM32F4xx_HAL_Driver/Src/stm32f4xx_ll_sdmmc.o
                0x000000000800840c                SDMMC_GetCmdResp6
 .text.SDMMC_GetCmdResp7
                0x00000000080084f8       0x9c ./Drivers/STM32F4xx_HAL_Driver/Src/stm32f4xx_ll_sdmmc.o
                0x00000000080084f8                SDMMC_GetCmdResp7
 .text.SDMMC_GetCmdError
                0x0000000008008594       0x58 ./Drivers/STM32F4xx_HAL_Driver/Src/stm32f4xx_ll_sdmmc.o
 .text.MX_FATFS_Init
                0x00000000080085ec       0x24 ./FATFS/App/fatfs.o
                0x00000000080085ec                MX_FATFS_Init
 .text.BSP_SD_Init
                0x0000000008008610       0x30 ./FATFS/Target/bsp_driver_sd.o
                0x0000000008008610                BSP_SD_Init
 .text.BSP_SD_ReadBlocks_DMA
                0x0000000008008640       0x34 ./FATFS/Target/bsp_driver_sd.o
                0x0000000008008640                BSP_SD_ReadBlocks_DMA
 .text.BSP_SD_WriteBlocks_DMA
                0x0000000008008674       0x34 ./FATFS/Target/bsp_driver_sd.o
                0x0000000008008674                BSP_SD_WriteBlocks_DMA
 .text.BSP_SD_GetCardState
                0x00000000080086a8       0x20 ./FATFS/Target/bsp_driver_sd.o
                0x00000000080086a8                BSP_SD_GetCardState
 .text.BSP_SD_GetCardInfo
                0x00000000080086c8       0x1c ./FATFS/Target/bsp_driver_sd.o
                0x00000000080086c8                BSP_SD_GetCardInfo
 .text.HAL_SD_AbortCallback
                0x00000000080086e4       0x14 ./FATFS/Target/bsp_driver_sd.o
                0x00000000080086e4                HAL_SD_AbortCallback
 .text.HAL_SD_TxCpltCallback
                0x00000000080086f8       0x14 ./FATFS/Target/bsp_driver_sd.o
                0x00000000080086f8                HAL_SD_TxCpltCallback
 .text.HAL_SD_RxCpltCallback
                0x000000000800870c       0x14 ./FATFS/Target/bsp_driver_sd.o
                0x000000000800870c                HAL_SD_RxCpltCallback
 .text.BSP_SD_AbortCallback
                0x0000000008008720        0xe ./FATFS/Target/bsp_driver_sd.o
                0x0000000008008720                BSP_SD_AbortCallback
 .text.BSP_SD_IsDetected
                0x000000000800872e       0x24 ./FATFS/Target/bsp_driver_sd.o
                0x000000000800872e                BSP_SD_IsDetected
 *fill*         0x0000000008008752        0x2 
 .text.BSP_PlatformIsDetected
                0x0000000008008754       0x2c ./FATFS/Target/fatfs_platform.o
                0x0000000008008754                BSP_PlatformIsDetected
 .text.SD_CheckStatusWithTimeout
                0x0000000008008780       0x3a ./FATFS/Target/sd_diskio.o
 *fill*         0x00000000080087ba        0x2 
 .text.SD_CheckStatus
                0x00000000080087bc       0x3c ./FATFS/Target/sd_diskio.o
 .text.SD_initialize
                0x00000000080087f8       0x98 ./FATFS/Target/sd_diskio.o
                0x00000000080087f8                SD_initialize
 .text.SD_status
                0x0000000008008890       0x1c ./FATFS/Target/sd_diskio.o
                0x0000000008008890                SD_status
 .text.SD_read  0x00000000080088ac       0x9c ./FATFS/Target/sd_diskio.o
                0x00000000080088ac                SD_read
 .text.SD_write
                0x0000000008008948       0x94 ./FATFS/Target/sd_diskio.o
                0x0000000008008948                SD_write
 .text.SD_ioctl
                0x00000000080089dc       0xb0 ./FATFS/Target/sd_diskio.o
                0x00000000080089dc                SD_ioctl
 .text.BSP_SD_WriteCpltCallback
                0x0000000008008a8c       0x1c ./FATFS/Target/sd_diskio.o
                0x0000000008008a8c                BSP_SD_WriteCpltCallback
 .text.BSP_SD_ReadCpltCallback
                0x0000000008008aa8       0x1c ./FATFS/Target/sd_diskio.o
                0x0000000008008aa8                BSP_SD_ReadCpltCallback
 .text.FATFS_LinkDriverEx
                0x0000000008008ac4       0x98 ./Middlewares/Third_Party/FatFs/src/ff_gen_drv.o
                0x0000000008008ac4                FATFS_LinkDriverEx
 .text.FATFS_LinkDriver
                0x0000000008008b5c       0x1e ./Middlewares/Third_Party/FatFs/src/ff_gen_drv.o
                0x0000000008008b5c                FATFS_LinkDriver
 .text.makeFreeRtosPriority
                0x0000000008008b7a       0x30 ./Middlewares/Third_Party/FreeRTOS/Source/CMSIS_RTOS/cmsis_os.o
 .text.inHandlerMode
                0x0000000008008baa       0x24 ./Middlewares/Third_Party/FreeRTOS/Source/CMSIS_RTOS/cmsis_os.o
 .text.osKernelStart
                0x0000000008008bce        0xe ./Middlewares/Third_Party/FreeRTOS/Source/CMSIS_RTOS/cmsis_os.o
                0x0000000008008bce                osKernelStart
 .text.osKernelRunning
                0x0000000008008bdc       0x18 ./Middlewares/Third_Party/FreeRTOS/Source/CMSIS_RTOS/cmsis_os.o
                0x0000000008008bdc                osKernelRunning
 .text.osKernelSysTick
                0x0000000008008bf4       0x20 ./Middlewares/Third_Party/FreeRTOS/Source/CMSIS_RTOS/cmsis_os.o
                0x0000000008008bf4                osKernelSysTick
 .text.osThreadCreate
                0x0000000008008c14       0x98 ./Middlewares/Third_Party/FreeRTOS/Source/CMSIS_RTOS/cmsis_os.o
                0x0000000008008c14                osThreadCreate
 .text.osDelay  0x0000000008008cac       0x28 ./Middlewares/Third_Party/FreeRTOS/Source/CMSIS_RTOS/cmsis_os.o
                0x0000000008008cac                osDelay
 .text.osSignalSet
                0x0000000008008cd4       0x80 ./Middlewares/Third_Party/FreeRTOS/Source/CMSIS_RTOS/cmsis_os.o
                0x0000000008008cd4                osSignalSet
 .text.osSignalWait
                0x0000000008008d54       0x98 ./Middlewares/Third_Party/FreeRTOS/Source/CMSIS_RTOS/cmsis_os.o
                0x0000000008008d54                osSignalWait
 .text.osMutexCreate
                0x0000000008008dec       0x30 ./Middlewares/Third_Party/FreeRTOS/Source/CMSIS_RTOS/cmsis_os.o
                0x0000000008008dec                osMutexCreate
 .text.osMutexWait
                0x0000000008008e1c       0x9c ./Middlewares/Third_Party/FreeRTOS/Source/CMSIS_RTOS/cmsis_os.o
                0x0000000008008e1c                osMutexWait
 .text.osMutexRelease
                0x0000000008008eb8       0x6c ./Middlewares/Third_Party/FreeRTOS/Source/CMSIS_RTOS/cmsis_os.o
                0x0000000008008eb8                osMutexRelease
 .text.osMessageCreate
                0x0000000008008f24       0x50 ./Middlewares/Third_Party/FreeRTOS/Source/CMSIS_RTOS/cmsis_os.o
                0x0000000008008f24                osMessageCreate
 .text.osMessagePut
                0x0000000008008f74       0x80 ./Middlewares/Third_Party/FreeRTOS/Source/CMSIS_RTOS/cmsis_os.o
                0x0000000008008f74                osMessagePut
 .text.osMessageGet
                0x0000000008008ff4       0xe8 ./Middlewares/Third_Party/FreeRTOS/Source/CMSIS_RTOS/cmsis_os.o
                0x0000000008008ff4                osMessageGet
 .text.vListInitialise
                0x00000000080090dc       0x40 ./Middlewares/Third_Party/FreeRTOS/Source/list.o
                0x00000000080090dc                vListInitialise
 .text.vListInitialiseItem
                0x000000000800911c       0x1a ./Middlewares/Third_Party/FreeRTOS/Source/list.o
                0x000000000800911c                vListInitialiseItem
 .text.vListInsertEnd
                0x0000000008009136       0x48 ./Middlewares/Third_Party/FreeRTOS/Source/list.o
                0x0000000008009136                vListInsertEnd
 .text.vListInsert
                0x000000000800917e       0x72 ./Middlewares/Third_Party/FreeRTOS/Source/list.o
                0x000000000800917e                vListInsert
 .text.uxListRemove
                0x00000000080091f0       0x54 ./Middlewares/Third_Party/FreeRTOS/Source/list.o
                0x00000000080091f0                uxListRemove
 .text.xQueueGenericReset
                0x0000000008009244       0xd0 ./Middlewares/Third_Party/FreeRTOS/Source/queue.o
                0x0000000008009244                xQueueGenericReset
 .text.xQueueGenericCreateStatic
                0x0000000008009314       0xf0 ./Middlewares/Third_Party/FreeRTOS/Source/queue.o
                0x0000000008009314                xQueueGenericCreateStatic
 .text.xQueueGenericCreate
                0x0000000008009404       0x74 ./Middlewares/Third_Party/FreeRTOS/Source/queue.o
                0x0000000008009404                xQueueGenericCreate
 .text.prvInitialiseNewQueue
                0x0000000008009478       0x3e ./Middlewares/Third_Party/FreeRTOS/Source/queue.o
 .text.prvInitialiseMutex
                0x00000000080094b6       0x34 ./Middlewares/Third_Party/FreeRTOS/Source/queue.o
 .text.xQueueCreateMutex
                0x00000000080094ea       0x30 ./Middlewares/Third_Party/FreeRTOS/Source/queue.o
                0x00000000080094ea                xQueueCreateMutex
 .text.xQueueCreateMutexStatic
                0x000000000800951a       0x36 ./Middlewares/Third_Party/FreeRTOS/Source/queue.o
                0x000000000800951a                xQueueCreateMutexStatic
 .text.xQueueGenericSend
                0x0000000008009550      0x1fc ./Middlewares/Third_Party/FreeRTOS/Source/queue.o
                0x0000000008009550                xQueueGenericSend
 .text.xQueueGenericSendFromISR
                0x000000000800974c      0x136 ./Middlewares/Third_Party/FreeRTOS/Source/queue.o
                0x000000000800974c                xQueueGenericSendFromISR
 .text.xQueueGiveFromISR
                0x0000000008009882      0x11a ./Middlewares/Third_Party/FreeRTOS/Source/queue.o
                0x0000000008009882                xQueueGiveFromISR
 .text.xQueueReceive
                0x000000000800999c      0x1c0 ./Middlewares/Third_Party/FreeRTOS/Source/queue.o
                0x000000000800999c                xQueueReceive
 .text.xQueueSemaphoreTake
                0x0000000008009b5c      0x218 ./Middlewares/Third_Party/FreeRTOS/Source/queue.o
                0x0000000008009b5c                xQueueSemaphoreTake
 .text.xQueueReceiveFromISR
                0x0000000008009d74      0x100 ./Middlewares/Third_Party/FreeRTOS/Source/queue.o
                0x0000000008009d74                xQueueReceiveFromISR
 .text.prvGetDisinheritPriorityAfterTimeout
                0x0000000008009e74       0x30 ./Middlewares/Third_Party/FreeRTOS/Source/queue.o
 .text.prvCopyDataToQueue
                0x0000000008009ea4       0xd4 ./Middlewares/Third_Party/FreeRTOS/Source/queue.o
 .text.prvCopyDataFromQueue
                0x0000000008009f78       0x4c ./Middlewares/Third_Party/FreeRTOS/Source/queue.o
 .text.prvUnlockQueue
                0x0000000008009fc4       0xa4 ./Middlewares/Third_Party/FreeRTOS/Source/queue.o
 .text.prvIsQueueEmpty
                0x000000000800a068       0x2c ./Middlewares/Third_Party/FreeRTOS/Source/queue.o
 .text.prvIsQueueFull
                0x000000000800a094       0x30 ./Middlewares/Third_Party/FreeRTOS/Source/queue.o
 .text.vQueueAddToRegistry
                0x000000000800a0c4       0x54 ./Middlewares/Third_Party/FreeRTOS/Source/queue.o
                0x000000000800a0c4                vQueueAddToRegistry
 .text.vQueueWaitForMessageRestricted
                0x000000000800a118       0x68 ./Middlewares/Third_Party/FreeRTOS/Source/queue.o
                0x000000000800a118                vQueueWaitForMessageRestricted
 .text.xTaskCreateStatic
                0x000000000800a180       0xba ./Middlewares/Third_Party/FreeRTOS/Source/tasks.o
                0x000000000800a180                xTaskCreateStatic
 .text.xTaskCreate
                0x000000000800a23a       0x8a ./Middlewares/Third_Party/FreeRTOS/Source/tasks.o
                0x000000000800a23a                xTaskCreate
 .text.prvInitialiseNewTask
                0x000000000800a2c4      0x10e ./Middlewares/Third_Party/FreeRTOS/Source/tasks.o
 *fill*         0x000000000800a3d2        0x2 
 .text.prvAddNewTaskToReadyList
                0x000000000800a3d4       0xd4 ./Middlewares/Third_Party/FreeRTOS/Source/tasks.o
 .text.vTaskDelay
                0x000000000800a4a8       0x68 ./Middlewares/Third_Party/FreeRTOS/Source/tasks.o
                0x000000000800a4a8                vTaskDelay
 .text.vTaskStartScheduler
                0x000000000800a510       0xcc ./Middlewares/Third_Party/FreeRTOS/Source/tasks.o
                0x000000000800a510                vTaskStartScheduler
 .text.vTaskSuspendAll
                0x000000000800a5dc       0x1c ./Middlewares/Third_Party/FreeRTOS/Source/tasks.o
                0x000000000800a5dc                vTaskSuspendAll
 .text.xTaskResumeAll
                0x000000000800a5f8      0x138 ./Middlewares/Third_Party/FreeRTOS/Source/tasks.o
                0x000000000800a5f8                xTaskResumeAll
 .text.xTaskGetTickCount
                0x000000000800a730       0x20 ./Middlewares/Third_Party/FreeRTOS/Source/tasks.o
                0x000000000800a730                xTaskGetTickCount
 .text.xTaskGetTickCountFromISR
                0x000000000800a750       0x24 ./Middlewares/Third_Party/FreeRTOS/Source/tasks.o
                0x000000000800a750                xTaskGetTickCountFromISR
 .text.xTaskIncrementTick
                0x000000000800a774      0x170 ./Middlewares/Third_Party/FreeRTOS/Source/tasks.o
                0x000000000800a774                xTaskIncrementTick
 .text.vTaskSwitchContext
                0x000000000800a8e4       0xb8 ./Middlewares/Third_Party/FreeRTOS/Source/tasks.o
                0x000000000800a8e4                vTaskSwitchContext
 .text.vTaskPlaceOnEventList
                0x000000000800a99c       0x48 ./Middlewares/Third_Party/FreeRTOS/Source/tasks.o
                0x000000000800a99c                vTaskPlaceOnEventList
 .text.vTaskPlaceOnEventListRestricted
                0x000000000800a9e4       0x58 ./Middlewares/Third_Party/FreeRTOS/Source/tasks.o
                0x000000000800a9e4                vTaskPlaceOnEventListRestricted
 .text.xTaskRemoveFromEventList
                0x000000000800aa3c       0xc4 ./Middlewares/Third_Party/FreeRTOS/Source/tasks.o
                0x000000000800aa3c                xTaskRemoveFromEventList
 .text.vTaskInternalSetTimeOutState
                0x000000000800ab00       0x2c ./Middlewares/Third_Party/FreeRTOS/Source/tasks.o
                0x000000000800ab00                vTaskInternalSetTimeOutState
 .text.xTaskCheckForTimeOut
                0x000000000800ab2c       0xc4 ./Middlewares/Third_Party/FreeRTOS/Source/tasks.o
                0x000000000800ab2c                xTaskCheckForTimeOut
 .text.vTaskMissedYield
                0x000000000800abf0       0x18 ./Middlewares/Third_Party/FreeRTOS/Source/tasks.o
                0x000000000800abf0                vTaskMissedYield
 .text.prvIdleTask
                0x000000000800ac08       0x30 ./Middlewares/Third_Party/FreeRTOS/Source/tasks.o
 .text.prvInitialiseTaskLists
                0x000000000800ac38       0x80 ./Middlewares/Third_Party/FreeRTOS/Source/tasks.o
 .text.prvCheckTasksWaitingTermination
                0x000000000800acb8       0x5c ./Middlewares/Third_Party/FreeRTOS/Source/tasks.o
 .text.prvDeleteTCB
                0x000000000800ad14       0x5e ./Middlewares/Third_Party/FreeRTOS/Source/tasks.o
 *fill*         0x000000000800ad72        0x2 
 .text.prvResetNextTaskUnblockTime
                0x000000000800ad74       0x40 ./Middlewares/Third_Party/FreeRTOS/Source/tasks.o
 .text.xTaskGetSchedulerState
                0x000000000800adb4       0x3c ./Middlewares/Third_Party/FreeRTOS/Source/tasks.o
                0x000000000800adb4                xTaskGetSchedulerState
 .text.xTaskPriorityInherit
                0x000000000800adf0       0xec ./Middlewares/Third_Party/FreeRTOS/Source/tasks.o
                0x000000000800adf0                xTaskPriorityInherit
 .text.xTaskPriorityDisinherit
                0x000000000800aedc      0x10c ./Middlewares/Third_Party/FreeRTOS/Source/tasks.o
                0x000000000800aedc                xTaskPriorityDisinherit
 .text.vTaskPriorityDisinheritAfterTimeout
                0x000000000800afe8      0x11c ./Middlewares/Third_Party/FreeRTOS/Source/tasks.o
                0x000000000800afe8                vTaskPriorityDisinheritAfterTimeout
 .text.pvTaskIncrementMutexHeldCount
                0x000000000800b104       0x28 ./Middlewares/Third_Party/FreeRTOS/Source/tasks.o
                0x000000000800b104                pvTaskIncrementMutexHeldCount
 .text.xTaskNotifyWait
                0x000000000800b12c       0xb4 ./Middlewares/Third_Party/FreeRTOS/Source/tasks.o
                0x000000000800b12c                xTaskNotifyWait
 .text.xTaskGenericNotify
                0x000000000800b1e0      0x16c ./Middlewares/Third_Party/FreeRTOS/Source/tasks.o
                0x000000000800b1e0                xTaskGenericNotify
 .text.xTaskGenericNotifyFromISR
                0x000000000800b34c      0x1b4 ./Middlewares/Third_Party/FreeRTOS/Source/tasks.o
                0x000000000800b34c                xTaskGenericNotifyFromISR
 .text.prvAddCurrentTaskToDelayedList
                0x000000000800b500       0xcc ./Middlewares/Third_Party/FreeRTOS/Source/tasks.o
 .text.xTimerCreateTimerTask
                0x000000000800b5cc       0x90 ./Middlewares/Third_Party/FreeRTOS/Source/timers.o
                0x000000000800b5cc                xTimerCreateTimerTask
 .text.xTimerGenericCommand
                0x000000000800b65c       0x9c ./Middlewares/Third_Party/FreeRTOS/Source/timers.o
                0x000000000800b65c                xTimerGenericCommand
 .text.prvProcessExpiredTimer
                0x000000000800b6f8       0x98 ./Middlewares/Third_Party/FreeRTOS/Source/timers.o
 .text.prvTimerTask
                0x000000000800b790       0x24 ./Middlewares/Third_Party/FreeRTOS/Source/timers.o
 .text.prvProcessTimerOrBlockTask
                0x000000000800b7b4       0x9c ./Middlewares/Third_Party/FreeRTOS/Source/timers.o
 .text.prvGetNextExpireTime
                0x000000000800b850       0x48 ./Middlewares/Third_Party/FreeRTOS/Source/timers.o
 .text.prvSampleTimeNow
                0x000000000800b898       0x40 ./Middlewares/Third_Party/FreeRTOS/Source/timers.o
 .text.prvInsertTimerInActiveList
                0x000000000800b8d8       0x84 ./Middlewares/Third_Party/FreeRTOS/Source/timers.o
 .text.prvProcessReceivedCommands
                0x000000000800b95c      0x18c ./Middlewares/Third_Party/FreeRTOS/Source/timers.o
 .text.prvSwitchTimerLists
                0x000000000800bae8       0xc8 ./Middlewares/Third_Party/FreeRTOS/Source/timers.o
 .text.prvCheckForValidListAndQueue
                0x000000000800bbb0       0x80 ./Middlewares/Third_Party/FreeRTOS/Source/timers.o
 .text.pxPortInitialiseStack
                0x000000000800bc30       0x68 ./Middlewares/Third_Party/FreeRTOS/Source/portable/GCC/ARM_CM4F/port.o
                0x000000000800bc30                pxPortInitialiseStack
 .text.prvTaskExitError
                0x000000000800bc98       0x58 ./Middlewares/Third_Party/FreeRTOS/Source/portable/GCC/ARM_CM4F/port.o
 .text.SVC_Handler
                0x000000000800bcf0       0x28 ./Middlewares/Third_Party/FreeRTOS/Source/portable/GCC/ARM_CM4F/port.o
                0x000000000800bcf0                SVC_Handler
 .text.prvPortStartFirstTask
                0x000000000800bd18       0x28 ./Middlewares/Third_Party/FreeRTOS/Source/portable/GCC/ARM_CM4F/port.o
 .text.xPortStartScheduler
                0x000000000800bd40      0x144 ./Middlewares/Third_Party/FreeRTOS/Source/portable/GCC/ARM_CM4F/port.o
                0x000000000800bd40                xPortStartScheduler
 .text.vPortEnterCritical
                0x000000000800be84       0x60 ./Middlewares/Third_Party/FreeRTOS/Source/portable/GCC/ARM_CM4F/port.o
                0x000000000800be84                vPortEnterCritical
 .text.vPortExitCritical
                0x000000000800bee4       0x54 ./Middlewares/Third_Party/FreeRTOS/Source/portable/GCC/ARM_CM4F/port.o
                0x000000000800bee4                vPortExitCritical
 *fill*         0x000000000800bf38        0x8 
 .text.PendSV_Handler
                0x000000000800bf40       0x68 ./Middlewares/Third_Party/FreeRTOS/Source/portable/GCC/ARM_CM4F/port.o
                0x000000000800bf40                PendSV_Handler
 .text.SysTick_Handler
                0x000000000800bfa8       0x44 ./Middlewares/Third_Party/FreeRTOS/Source/portable/GCC/ARM_CM4F/port.o
                0x000000000800bfa8                SysTick_Handler
 .text.vPortSetupTimerInterrupt
                0x000000000800bfec       0x48 ./Middlewares/Third_Party/FreeRTOS/Source/portable/GCC/ARM_CM4F/port.o
                0x000000000800bfec                vPortSetupTimerInterrupt
 .text.vPortEnableVFP
                0x000000000800c034       0x14 ./Middlewares/Third_Party/FreeRTOS/Source/portable/GCC/ARM_CM4F/port.o
 .text.vPortValidateInterruptPriority
                0x000000000800c048       0x80 ./Middlewares/Third_Party/FreeRTOS/Source/portable/GCC/ARM_CM4F/port.o
                0x000000000800c048                vPortValidateInterruptPriority
 .text.pvPortMalloc
                0x000000000800c0c8      0x198 ./Middlewares/Third_Party/FreeRTOS/Source/portable/MemMang/heap_4.o
                0x000000000800c0c8                pvPortMalloc
 .text.vPortFree
                0x000000000800c260       0xc4 ./Middlewares/Third_Party/FreeRTOS/Source/portable/MemMang/heap_4.o
                0x000000000800c260                vPortFree
 .text.prvHeapInit
                0x000000000800c324       0xc4 ./Middlewares/Third_Party/FreeRTOS/Source/portable/MemMang/heap_4.o
 .text.prvInsertBlockIntoFreeList
                0x000000000800c3e8       0xb4 ./Middlewares/Third_Party/FreeRTOS/Source/portable/MemMang/heap_4.o
 .text.findslot
                0x000000000800c49c       0x34 c:/st/stm32cubeide_1.11.2/stm32cubeide/plugins/com.st.stm32cube.ide.mcu.externaltools.gnu-tools-for-stm32.10.3-2021.10.win32_1.0.100.202210260954/tools/bin/../lib/gcc/arm-none-eabi/10.3.1/../../../../arm-none-eabi/lib/thumb/v7e-m+fp/hard\librdimon_nano.a(rdimon-syscalls.o)
 .text.error    0x000000000800c4d0       0x1c c:/st/stm32cubeide_1.11.2/stm32cubeide/plugins/com.st.stm32cube.ide.mcu.externaltools.gnu-tools-for-stm32.10.3-2021.10.win32_1.0.100.202210260954/tools/bin/../lib/gcc/arm-none-eabi/10.3.1/../../../../arm-none-eabi/lib/thumb/v7e-m+fp/hard\librdimon_nano.a(rdimon-syscalls.o)
 .text.checkerror
                0x000000000800c4ec        0xa c:/st/stm32cubeide_1.11.2/stm32cubeide/plugins/com.st.stm32cube.ide.mcu.externaltools.gnu-tools-for-stm32.10.3-2021.10.win32_1.0.100.202210260954/tools/bin/../lib/gcc/arm-none-eabi/10.3.1/../../../../arm-none-eabi/lib/thumb/v7e-m+fp/hard\librdimon_nano.a(rdimon-syscalls.o)
 .text._swiread
                0x000000000800c4f6       0x20 c:/st/stm32cubeide_1.11.2/stm32cubeide/plugins/com.st.stm32cube.ide.mcu.externaltools.gnu-tools-for-stm32.10.3-2021.10.win32_1.0.100.202210260954/tools/bin/../lib/gcc/arm-none-eabi/10.3.1/../../../../arm-none-eabi/lib/thumb/v7e-m+fp/hard\librdimon_nano.a(rdimon-syscalls.o)
                0x000000000800c4f6                _swiread
 .text._read    0x000000000800c516       0x38 c:/st/stm32cubeide_1.11.2/stm32cubeide/plugins/com.st.stm32cube.ide.mcu.externaltools.gnu-tools-for-stm32.10.3-2021.10.win32_1.0.100.202210260954/tools/bin/../lib/gcc/arm-none-eabi/10.3.1/../../../../arm-none-eabi/lib/thumb/v7e-m+fp/hard\librdimon_nano.a(rdimon-syscalls.o)
                0x000000000800c516                _read
 .text._swilseek
                0x000000000800c54e       0x78 c:/st/stm32cubeide_1.11.2/stm32cubeide/plugins/com.st.stm32cube.ide.mcu.externaltools.gnu-tools-for-stm32.10.3-2021.10.win32_1.0.100.202210260954/tools/bin/../lib/gcc/arm-none-eabi/10.3.1/../../../../arm-none-eabi/lib/thumb/v7e-m+fp/hard\librdimon_nano.a(rdimon-syscalls.o)
                0x000000000800c54e                _swilseek
 .text._lseek   0x000000000800c5c6        0x4 c:/st/stm32cubeide_1.11.2/stm32cubeide/plugins/com.st.stm32cube.ide.mcu.externaltools.gnu-tools-for-stm32.10.3-2021.10.win32_1.0.100.202210260954/tools/bin/../lib/gcc/arm-none-eabi/10.3.1/../../../../arm-none-eabi/lib/thumb/v7e-m+fp/hard\librdimon_nano.a(rdimon-syscalls.o)
                0x000000000800c5c6                _lseek
 .text._swiwrite
                0x000000000800c5ca       0x20 c:/st/stm32cubeide_1.11.2/stm32cubeide/plugins/com.st.stm32cube.ide.mcu.externaltools.gnu-tools-for-stm32.10.3-2021.10.win32_1.0.100.202210260954/tools/bin/../lib/gcc/arm-none-eabi/10.3.1/../../../../arm-none-eabi/lib/thumb/v7e-m+fp/hard\librdimon_nano.a(rdimon-syscalls.o)
                0x000000000800c5ca                _swiwrite
 .text._write   0x000000000800c5ea       0x48 c:/st/stm32cubeide_1.11.2/stm32cubeide/plugins/com.st.stm32cube.ide.mcu.externaltools.gnu-tools-for-stm32.10.3-2021.10.win32_1.0.100.202210260954/tools/bin/../lib/gcc/arm-none-eabi/10.3.1/../../../../arm-none-eabi/lib/thumb/v7e-m+fp/hard\librdimon_nano.a(rdimon-syscalls.o)
                0x000000000800c5ea                _write
 .text._swiclose
                0x000000000800c632       0x1a c:/st/stm32cubeide_1.11.2/stm32cubeide/plugins/com.st.stm32cube.ide.mcu.externaltools.gnu-tools-for-stm32.10.3-2021.10.win32_1.0.100.202210260954/tools/bin/../lib/gcc/arm-none-eabi/10.3.1/../../../../arm-none-eabi/lib/thumb/v7e-m+fp/hard\librdimon_nano.a(rdimon-syscalls.o)
                0x000000000800c632                _swiclose
 .text._close   0x000000000800c64c       0x4c c:/st/stm32cubeide_1.11.2/stm32cubeide/plugins/com.st.stm32cube.ide.mcu.externaltools.gnu-tools-for-stm32.10.3-2021.10.win32_1.0.100.202210260954/tools/bin/../lib/gcc/arm-none-eabi/10.3.1/../../../../arm-none-eabi/lib/thumb/v7e-m+fp/hard\librdimon_nano.a(rdimon-syscalls.o)
                0x000000000800c64c                _close
 .text._swistat
                0x000000000800c698       0x42 c:/st/stm32cubeide_1.11.2/stm32cubeide/plugins/com.st.stm32cube.ide.mcu.externaltools.gnu-tools-for-stm32.10.3-2021.10.win32_1.0.100.202210260954/tools/bin/../lib/gcc/arm-none-eabi/10.3.1/../../../../arm-none-eabi/lib/thumb/v7e-m+fp/hard\librdimon_nano.a(rdimon-syscalls.o)
                0x000000000800c698                _swistat
 .text._fstat   0x000000000800c6da       0x1c c:/st/stm32cubeide_1.11.2/stm32cubeide/plugins/com.st.stm32cube.ide.mcu.externaltools.gnu-tools-for-stm32.10.3-2021.10.win32_1.0.100.202210260954/tools/bin/../lib/gcc/arm-none-eabi/10.3.1/../../../../arm-none-eabi/lib/thumb/v7e-m+fp/hard\librdimon_nano.a(rdimon-syscalls.o)
                0x000000000800c6da                _fstat
 .text._stat    0x000000000800c6f6       0x3a c:/st/stm32cubeide_1.11.2/stm32cubeide/plugins/com.st.stm32cube.ide.mcu.externaltools.gnu-tools-for-stm32.10.3-2021.10.win32_1.0.100.202210260954/tools/bin/../lib/gcc/arm-none-eabi/10.3.1/../../../../arm-none-eabi/lib/thumb/v7e-m+fp/hard\librdimon_nano.a(rdimon-syscalls.o)
                0x000000000800c6f6                _stat
 .text._swiopen
                0x000000000800c730       0xb4 c:/st/stm32cubeide_1.11.2/stm32cubeide/plugins/com.st.stm32cube.ide.mcu.externaltools.gnu-tools-for-stm32.10.3-2021.10.win32_1.0.100.202210260954/tools/bin/../lib/gcc/arm-none-eabi/10.3.1/../../../../arm-none-eabi/lib/thumb/v7e-m+fp/hard\librdimon_nano.a(rdimon-syscalls.o)
                0x000000000800c730                _swiopen
 .text._get_semihosting_exts
                0x000000000800c7e4       0xb8 c:/st/stm32cubeide_1.11.2/stm32cubeide/plugins/com.st.stm32cube.ide.mcu.externaltools.gnu-tools-for-stm32.10.3-2021.10.win32_1.0.100.202210260954/tools/bin/../lib/gcc/arm-none-eabi/10.3.1/../../../../arm-none-eabi/lib/thumb/v7e-m+fp/hard\librdimon_nano.a(rdimon-syscalls.o)
                0x000000000800c7e4                _get_semihosting_exts
 .text.initialise_semihosting_exts
                0x000000000800c89c       0x34 c:/st/stm32cubeide_1.11.2/stm32cubeide/plugins/com.st.stm32cube.ide.mcu.externaltools.gnu-tools-for-stm32.10.3-2021.10.win32_1.0.100.202210260954/tools/bin/../lib/gcc/arm-none-eabi/10.3.1/../../../../arm-none-eabi/lib/thumb/v7e-m+fp/hard\librdimon_nano.a(rdimon-syscalls.o)
 .text._has_ext_stdout_stderr
                0x000000000800c8d0       0x18 c:/st/stm32cubeide_1.11.2/stm32cubeide/plugins/com.st.stm32cube.ide.mcu.externaltools.gnu-tools-for-stm32.10.3-2021.10.win32_1.0.100.202210260954/tools/bin/../lib/gcc/arm-none-eabi/10.3.1/../../../../arm-none-eabi/lib/thumb/v7e-m+fp/hard\librdimon_nano.a(rdimon-syscalls.o)
                0x000000000800c8d0                _has_ext_stdout_stderr
 .text.initialise_monitor_handles
                0x000000000800c8e8       0xc0 c:/st/stm32cubeide_1.11.2/stm32cubeide/plugins/com.st.stm32cube.ide.mcu.externaltools.gnu-tools-for-stm32.10.3-2021.10.win32_1.0.100.202210260954/tools/bin/../lib/gcc/arm-none-eabi/10.3.1/../../../../arm-none-eabi/lib/thumb/v7e-m+fp/hard\librdimon_nano.a(rdimon-syscalls.o)
                0x000000000800c8e8                initialise_monitor_handles
 .text._isatty  0x000000000800c9a8       0x38 c:/st/stm32cubeide_1.11.2/stm32cubeide/plugins/com.st.stm32cube.ide.mcu.externaltools.gnu-tools-for-stm32.10.3-2021.10.win32_1.0.100.202210260954/tools/bin/../lib/gcc/arm-none-eabi/10.3.1/../../../../arm-none-eabi/lib/thumb/v7e-m+fp/hard\librdimon_nano.a(rdimon-syscalls.o)
                0x000000000800c9a8                _isatty
 .text.__errno  0x000000000800c9e0        0xc c:/st/stm32cubeide_1.11.2/stm32cubeide/plugins/com.st.stm32cube.ide.mcu.externaltools.gnu-tools-for-stm32.10.3-2021.10.win32_1.0.100.202210260954/tools/bin/../lib/gcc/arm-none-eabi/10.3.1/../../../../arm-none-eabi/lib/thumb/v7e-m+fp/hard\libc_nano.a(lib_a-errno.o)
                0x000000000800c9e0                __errno
 .text.std      0x000000000800c9ec       0x48 c:/st/stm32cubeide_1.11.2/stm32cubeide/plugins/com.st.stm32cube.ide.mcu.externaltools.gnu-tools-for-stm32.10.3-2021.10.win32_1.0.100.202210260954/tools/bin/../lib/gcc/arm-none-eabi/10.3.1/../../../../arm-none-eabi/lib/thumb/v7e-m+fp/hard\libc_nano.a(lib_a-findfp.o)
 .text._cleanup_r
                0x000000000800ca34        0xc c:/st/stm32cubeide_1.11.2/stm32cubeide/plugins/com.st.stm32cube.ide.mcu.externaltools.gnu-tools-for-stm32.10.3-2021.10.win32_1.0.100.202210260954/tools/bin/../lib/gcc/arm-none-eabi/10.3.1/../../../../arm-none-eabi/lib/thumb/v7e-m+fp/hard\libc_nano.a(lib_a-findfp.o)
                0x000000000800ca34                _cleanup_r
 .text.__sfmoreglue
                0x000000000800ca40       0x2c c:/st/stm32cubeide_1.11.2/stm32cubeide/plugins/com.st.stm32cube.ide.mcu.externaltools.gnu-tools-for-stm32.10.3-2021.10.win32_1.0.100.202210260954/tools/bin/../lib/gcc/arm-none-eabi/10.3.1/../../../../arm-none-eabi/lib/thumb/v7e-m+fp/hard\libc_nano.a(lib_a-findfp.o)
                0x000000000800ca40                __sfmoreglue
 .text.__sfp_lock_acquire
                0x000000000800ca6c        0xc c:/st/stm32cubeide_1.11.2/stm32cubeide/plugins/com.st.stm32cube.ide.mcu.externaltools.gnu-tools-for-stm32.10.3-2021.10.win32_1.0.100.202210260954/tools/bin/../lib/gcc/arm-none-eabi/10.3.1/../../../../arm-none-eabi/lib/thumb/v7e-m+fp/hard\libc_nano.a(lib_a-findfp.o)
                0x000000000800ca6c                __sfp_lock_acquire
 .text.__sfp_lock_release
                0x000000000800ca78        0xc c:/st/stm32cubeide_1.11.2/stm32cubeide/plugins/com.st.stm32cube.ide.mcu.externaltools.gnu-tools-for-stm32.10.3-2021.10.win32_1.0.100.202210260954/tools/bin/../lib/gcc/arm-none-eabi/10.3.1/../../../../arm-none-eabi/lib/thumb/v7e-m+fp/hard\libc_nano.a(lib_a-findfp.o)
                0x000000000800ca78                __sfp_lock_release
 .text.__sinit_lock_acquire
                0x000000000800ca84        0xc c:/st/stm32cubeide_1.11.2/stm32cubeide/plugins/com.st.stm32cube.ide.mcu.externaltools.gnu-tools-for-stm32.10.3-2021.10.win32_1.0.100.202210260954/tools/bin/../lib/gcc/arm-none-eabi/10.3.1/../../../../arm-none-eabi/lib/thumb/v7e-m+fp/hard\libc_nano.a(lib_a-findfp.o)
                0x000000000800ca84                __sinit_lock_acquire
 .text.__sinit_lock_release
                0x000000000800ca90        0xc c:/st/stm32cubeide_1.11.2/stm32cubeide/plugins/com.st.stm32cube.ide.mcu.externaltools.gnu-tools-for-stm32.10.3-2021.10.win32_1.0.100.202210260954/tools/bin/../lib/gcc/arm-none-eabi/10.3.1/../../../../arm-none-eabi/lib/thumb/v7e-m+fp/hard\libc_nano.a(lib_a-findfp.o)
                0x000000000800ca90                __sinit_lock_release
 .text.__sinit  0x000000000800ca9c       0x70 c:/st/stm32cubeide_1.11.2/stm32cubeide/plugins/com.st.stm32cube.ide.mcu.externaltools.gnu-tools-for-stm32.10.3-2021.10.win32_1.0.100.202210260954/tools/bin/../lib/gcc/arm-none-eabi/10.3.1/../../../../arm-none-eabi/lib/thumb/v7e-m+fp/hard\libc_nano.a(lib_a-findfp.o)
                0x000000000800ca9c                __sinit
 .text.__sfp    0x000000000800cb0c       0x8c c:/st/stm32cubeide_1.11.2/stm32cubeide/plugins/com.st.stm32cube.ide.mcu.externaltools.gnu-tools-for-stm32.10.3-2021.10.win32_1.0.100.202210260954/tools/bin/../lib/gcc/arm-none-eabi/10.3.1/../../../../arm-none-eabi/lib/thumb/v7e-m+fp/hard\libc_nano.a(lib_a-findfp.o)
                0x000000000800cb0c                __sfp
 .text._fwalk_reent
                0x000000000800cb98       0x3e c:/st/stm32cubeide_1.11.2/stm32cubeide/plugins/com.st.stm32cube.ide.mcu.externaltools.gnu-tools-for-stm32.10.3-2021.10.win32_1.0.100.202210260954/tools/bin/../lib/gcc/arm-none-eabi/10.3.1/../../../../arm-none-eabi/lib/thumb/v7e-m+fp/hard\libc_nano.a(lib_a-fwalk.o)
                0x000000000800cb98                _fwalk_reent
 *fill*         0x000000000800cbd6        0x2 
 .text.__libc_init_array
                0x000000000800cbd8       0x48 c:/st/stm32cubeide_1.11.2/stm32cubeide/plugins/com.st.stm32cube.ide.mcu.externaltools.gnu-tools-for-stm32.10.3-2021.10.win32_1.0.100.202210260954/tools/bin/../lib/gcc/arm-none-eabi/10.3.1/../../../../arm-none-eabi/lib/thumb/v7e-m+fp/hard\libc_nano.a(lib_a-init.o)
                0x000000000800cbd8                __libc_init_array
 .text.__retarget_lock_init_recursive
                0x000000000800cc20        0x2 c:/st/stm32cubeide_1.11.2/stm32cubeide/plugins/com.st.stm32cube.ide.mcu.externaltools.gnu-tools-for-stm32.10.3-2021.10.win32_1.0.100.202210260954/tools/bin/../lib/gcc/arm-none-eabi/10.3.1/../../../../arm-none-eabi/lib/thumb/v7e-m+fp/hard\libc_nano.a(lib_a-lock.o)
                0x000000000800cc20                __retarget_lock_init_recursive
 .text.__retarget_lock_acquire_recursive
                0x000000000800cc22        0x2 c:/st/stm32cubeide_1.11.2/stm32cubeide/plugins/com.st.stm32cube.ide.mcu.externaltools.gnu-tools-for-stm32.10.3-2021.10.win32_1.0.100.202210260954/tools/bin/../lib/gcc/arm-none-eabi/10.3.1/../../../../arm-none-eabi/lib/thumb/v7e-m+fp/hard\libc_nano.a(lib_a-lock.o)
                0x000000000800cc22                __retarget_lock_acquire_recursive
 .text.__retarget_lock_release_recursive
                0x000000000800cc24        0x2 c:/st/stm32cubeide_1.11.2/stm32cubeide/plugins/com.st.stm32cube.ide.mcu.externaltools.gnu-tools-for-stm32.10.3-2021.10.win32_1.0.100.202210260954/tools/bin/../lib/gcc/arm-none-eabi/10.3.1/../../../../arm-none-eabi/lib/thumb/v7e-m+fp/hard\libc_nano.a(lib_a-lock.o)
                0x000000000800cc24                __retarget_lock_release_recursive
 .text.memcpy   0x000000000800cc26       0x1c c:/st/stm32cubeide_1.11.2/stm32cubeide/plugins/com.st.stm32cube.ide.mcu.externaltools.gnu-tools-for-stm32.10.3-2021.10.win32_1.0.100.202210260954/tools/bin/../lib/gcc/arm-none-eabi/10.3.1/../../../../arm-none-eabi/lib/thumb/v7e-m+fp/hard\libc_nano.a(lib_a-memcpy-stub.o)
                0x000000000800cc26                memcpy
 .text.memset   0x000000000800cc42       0x10 c:/st/stm32cubeide_1.11.2/stm32cubeide/plugins/com.st.stm32cube.ide.mcu.externaltools.gnu-tools-for-stm32.10.3-2021.10.win32_1.0.100.202210260954/tools/bin/../lib/gcc/arm-none-eabi/10.3.1/../../../../arm-none-eabi/lib/thumb/v7e-m+fp/hard\libc_nano.a(lib_a-memset.o)
                0x000000000800cc42                memset
 *fill*         0x000000000800cc52        0x2 
 .text.sbrk_aligned
                0x000000000800cc54       0x40 c:/st/stm32cubeide_1.11.2/stm32cubeide/plugins/com.st.stm32cube.ide.mcu.externaltools.gnu-tools-for-stm32.10.3-2021.10.win32_1.0.100.202210260954/tools/bin/../lib/gcc/arm-none-eabi/10.3.1/../../../../arm-none-eabi/lib/thumb/v7e-m+fp/hard\libc_nano.a(lib_a-nano-mallocr.o)
 .text._malloc_r
                0x000000000800cc94       0xe8 c:/st/stm32cubeide_1.11.2/stm32cubeide/plugins/com.st.stm32cube.ide.mcu.externaltools.gnu-tools-for-stm32.10.3-2021.10.win32_1.0.100.202210260954/tools/bin/../lib/gcc/arm-none-eabi/10.3.1/../../../../arm-none-eabi/lib/thumb/v7e-m+fp/hard\libc_nano.a(lib_a-nano-mallocr.o)
                0x000000000800cc94                _malloc_r
 .text._puts_r  0x000000000800cd7c       0xdc c:/st/stm32cubeide_1.11.2/stm32cubeide/plugins/com.st.stm32cube.ide.mcu.externaltools.gnu-tools-for-stm32.10.3-2021.10.win32_1.0.100.202210260954/tools/bin/../lib/gcc/arm-none-eabi/10.3.1/../../../../arm-none-eabi/lib/thumb/v7e-m+fp/hard\libc_nano.a(lib_a-puts.o)
                0x000000000800cd7c                _puts_r
 .text.puts     0x000000000800ce58       0x10 c:/st/stm32cubeide_1.11.2/stm32cubeide/plugins/com.st.stm32cube.ide.mcu.externaltools.gnu-tools-for-stm32.10.3-2021.10.win32_1.0.100.202210260954/tools/bin/../lib/gcc/arm-none-eabi/10.3.1/../../../../arm-none-eabi/lib/thumb/v7e-m+fp/hard\libc_nano.a(lib_a-puts.o)
                0x000000000800ce58                puts
 .text._sbrk_r  0x000000000800ce68       0x20 c:/st/stm32cubeide_1.11.2/stm32cubeide/plugins/com.st.stm32cube.ide.mcu.externaltools.gnu-tools-for-stm32.10.3-2021.10.win32_1.0.100.202210260954/tools/bin/../lib/gcc/arm-none-eabi/10.3.1/../../../../arm-none-eabi/lib/thumb/v7e-m+fp/hard\libc_nano.a(lib_a-sbrkr.o)
                0x000000000800ce68                _sbrk_r
 .text.__sread  0x000000000800ce88       0x22 c:/st/stm32cubeide_1.11.2/stm32cubeide/plugins/com.st.stm32cube.ide.mcu.externaltools.gnu-tools-for-stm32.10.3-2021.10.win32_1.0.100.202210260954/tools/bin/../lib/gcc/arm-none-eabi/10.3.1/../../../../arm-none-eabi/lib/thumb/v7e-m+fp/hard\libc_nano.a(lib_a-stdio.o)
                0x000000000800ce88                __sread
 .text.__swrite
                0x000000000800ceaa       0x38 c:/st/stm32cubeide_1.11.2/stm32cubeide/plugins/com.st.stm32cube.ide.mcu.externaltools.gnu-tools-for-stm32.10.3-2021.10.win32_1.0.100.202210260954/tools/bin/../lib/gcc/arm-none-eabi/10.3.1/../../../../arm-none-eabi/lib/thumb/v7e-m+fp/hard\libc_nano.a(lib_a-stdio.o)
                0x000000000800ceaa                __swrite
 .text.__sseek  0x000000000800cee2       0x24 c:/st/stm32cubeide_1.11.2/stm32cubeide/plugins/com.st.stm32cube.ide.mcu.externaltools.gnu-tools-for-stm32.10.3-2021.10.win32_1.0.100.202210260954/tools/bin/../lib/gcc/arm-none-eabi/10.3.1/../../../../arm-none-eabi/lib/thumb/v7e-m+fp/hard\libc_nano.a(lib_a-stdio.o)
                0x000000000800cee2                __sseek
 .text.__sclose
                0x000000000800cf06        0x8 c:/st/stm32cubeide_1.11.2/stm32cubeide/plugins/com.st.stm32cube.ide.mcu.externaltools.gnu-tools-for-stm32.10.3-2021.10.win32_1.0.100.202210260954/tools/bin/../lib/gcc/arm-none-eabi/10.3.1/../../../../arm-none-eabi/lib/thumb/v7e-m+fp/hard\libc_nano.a(lib_a-stdio.o)
                0x000000000800cf06                __sclose
 *fill*         0x000000000800cf0e        0x2 
 .text.__swbuf_r
                0x000000000800cf10       0xa4 c:/st/stm32cubeide_1.11.2/stm32cubeide/plugins/com.st.stm32cube.ide.mcu.externaltools.gnu-tools-for-stm32.10.3-2021.10.win32_1.0.100.202210260954/tools/bin/../lib/gcc/arm-none-eabi/10.3.1/../../../../arm-none-eabi/lib/thumb/v7e-m+fp/hard\libc_nano.a(lib_a-wbuf.o)
                0x000000000800cf10                __swbuf_r
 .text._write_r